0_train.correct.count	62.0
0_train.correct.mean	0.04246253426688314
0_train.correct.max	1.0
0_train.oracle.count	62.0
0_train.oracle.mean	0.43548387096774194
0_train.oracle.max	1.0
0_train.partCorrect.count	62.0
0_train.partCorrect.mean	0.04246253426688314
0_train.partCorrect.max	1.0
0_train.partOracle.count	62.0
0_train.partOracle.mean	0.43548387096774194
0_train.partOracle.max	1.0
0_train.correctIndexAfterParse.count	27.0
0_train.correctIndexAfterParse.mean	35.25925925925926
0_train.correctIndexAfterParse.max	182.0
0_train.correctMaxBeamPosition.count	27.0
0_train.correctMaxBeamPosition.mean	35.25925925925926
0_train.correctMaxBeamPosition.max	182.0
0_train.correctMaxUnsortedBeamPosition.count	27.0
0_train.correctMaxUnsortedBeamPosition.mean	74.44444444444444
0_train.correctMaxUnsortedBeamPosition.max	1221.0
0_train.parsed.count	62.0
0_train.parsed.mean	1.0
0_train.parsed.max	1.0
0_train.numCandidates.count	62.0
0_train.numCandidates.mean	108.3225806451613
0_train.numCandidates.max	200.0
0_train.parsedNumCandidates.count	62.0
0_train.parsedNumCandidates.mean	108.3225806451613
0_train.parsedNumCandidates.max	200.0
0_train.numCorrect.count	62.0
0_train.numCorrect.mean	0.43548387096774194
0_train.numCorrect.max	1.0
0_train.numPartialCorrect.count	62.0
0_train.numPartialCorrect.mean	0.0
0_train.numPartialCorrect.max	0.0
0_train.numIncorrect.count	62.0
0_train.numIncorrect.mean	107.88709677419355
0_train.numIncorrect.max	200.0
0_train.numTokens.count	62.0
0_train.numTokens.mean	27.693548387096776
0_train.numTokens.max	65.0
0_train.parseTime.count	62.0
0_train.parseTime.mean	1776.7096774193549
0_train.parseTime.max	35270.0
0_train.maxCellSize.count	62.0
0_train.maxCellSize.mean	1638.1935483870968
0_train.maxCellSize.max	33069.0
0_train.fallOffBeam.count	62.0
0_train.fallOffBeam.mean	0.45161290322580644
0_train.fallOffBeam.max	1.0
0_train.totalDerivs.count	62.0
0_train.totalDerivs.mean	102337.83870967742
0_train.totalDerivs.max	2306519.0
0_train.numOfFeaturizedDerivs.count	62.0
0_train.numOfFeaturizedDerivs.mean	102337.83870967742
0_train.numOfFeaturizedDerivs.max	2306519.0
iter=0-train.correct.count	62.0
iter=0-train.correct.mean	0.04246253426688314
iter=0-train.correct.max	1.0
iter=0-train.oracle.count	62.0
iter=0-train.oracle.mean	0.43548387096774194
iter=0-train.oracle.max	1.0
iter=0-train.partCorrect.count	62.0
iter=0-train.partCorrect.mean	0.04246253426688314
iter=0-train.partCorrect.max	1.0
iter=0-train.partOracle.count	62.0
iter=0-train.partOracle.mean	0.43548387096774194
iter=0-train.partOracle.max	1.0
iter=0-train.correctIndexAfterParse.count	27.0
iter=0-train.correctIndexAfterParse.mean	35.25925925925926
iter=0-train.correctIndexAfterParse.max	182.0
iter=0-train.correctMaxBeamPosition.count	27.0
iter=0-train.correctMaxBeamPosition.mean	35.25925925925926
iter=0-train.correctMaxBeamPosition.max	182.0
iter=0-train.correctMaxUnsortedBeamPosition.count	27.0
iter=0-train.correctMaxUnsortedBeamPosition.mean	74.44444444444444
iter=0-train.correctMaxUnsortedBeamPosition.max	1221.0
iter=0-train.parsed.count	62.0
iter=0-train.parsed.mean	1.0
iter=0-train.parsed.max	1.0
iter=0-train.numCandidates.count	62.0
iter=0-train.numCandidates.mean	108.3225806451613
iter=0-train.numCandidates.max	200.0
iter=0-train.parsedNumCandidates.count	62.0
iter=0-train.parsedNumCandidates.mean	108.3225806451613
iter=0-train.parsedNumCandidates.max	200.0
iter=0-train.numCorrect.count	62.0
iter=0-train.numCorrect.mean	0.43548387096774194
iter=0-train.numCorrect.max	1.0
iter=0-train.numPartialCorrect.count	62.0
iter=0-train.numPartialCorrect.mean	0.0
iter=0-train.numPartialCorrect.max	0.0
iter=0-train.numIncorrect.count	62.0
iter=0-train.numIncorrect.mean	107.88709677419355
iter=0-train.numIncorrect.max	200.0
iter=0-train.numTokens.count	62.0
iter=0-train.numTokens.mean	27.693548387096776
iter=0-train.numTokens.max	65.0
iter=0-train.parseTime.count	62.0
iter=0-train.parseTime.mean	1776.7096774193549
iter=0-train.parseTime.max	35270.0
iter=0-train.maxCellSize.count	62.0
iter=0-train.maxCellSize.mean	1638.1935483870968
iter=0-train.maxCellSize.max	33069.0
iter=0-train.fallOffBeam.count	62.0
iter=0-train.fallOffBeam.mean	0.45161290322580644
iter=0-train.fallOffBeam.max	1.0
iter=0-train.totalDerivs.count	62.0
iter=0-train.totalDerivs.mean	102337.83870967742
iter=0-train.totalDerivs.max	2306519.0
iter=0-train.numOfFeaturizedDerivs.count	62.0
iter=0-train.numOfFeaturizedDerivs.mean	102337.83870967742
iter=0-train.numOfFeaturizedDerivs.max	2306519.0
1_train.correct.count	62.0
1_train.correct.mean	0.2661290322580645
1_train.correct.max	1.0
1_train.oracle.count	62.0
1_train.oracle.mean	0.5645161290322581
1_train.oracle.max	1.0
1_train.partCorrect.count	62.0
1_train.partCorrect.mean	0.2661290322580645
1_train.partCorrect.max	1.0
1_train.partOracle.count	62.0
1_train.partOracle.mean	0.5645161290322581
1_train.partOracle.max	1.0
1_train.correctIndexAfterParse.count	35.0
1_train.correctIndexAfterParse.mean	10.885714285714286
1_train.correctIndexAfterParse.max	126.0
1_train.correctMaxBeamPosition.count	35.0
1_train.correctMaxBeamPosition.mean	10.914285714285715
1_train.correctMaxBeamPosition.max	126.0
1_train.correctMaxUnsortedBeamPosition.count	35.0
1_train.correctMaxUnsortedBeamPosition.mean	150.9142857142857
1_train.correctMaxUnsortedBeamPosition.max	1232.0
1_train.parsed.count	62.0
1_train.parsed.mean	1.0
1_train.parsed.max	1.0
1_train.numCandidates.count	62.0
1_train.numCandidates.mean	108.3225806451613
1_train.numCandidates.max	200.0
1_train.parsedNumCandidates.count	62.0
1_train.parsedNumCandidates.mean	108.3225806451613
1_train.parsedNumCandidates.max	200.0
1_train.numCorrect.count	62.0
1_train.numCorrect.mean	0.5645161290322581
1_train.numCorrect.max	1.0
1_train.numPartialCorrect.count	62.0
1_train.numPartialCorrect.mean	0.0
1_train.numPartialCorrect.max	0.0
1_train.numIncorrect.count	62.0
1_train.numIncorrect.mean	107.75806451612904
1_train.numIncorrect.max	200.0
1_train.numTokens.count	62.0
1_train.numTokens.mean	27.693548387096776
1_train.numTokens.max	65.0
1_train.parseTime.count	62.0
1_train.parseTime.mean	1742.4193548387098
1_train.parseTime.max	33273.0
1_train.maxCellSize.count	62.0
1_train.maxCellSize.mean	1637.4354838709678
1_train.maxCellSize.max	33420.0
1_train.fallOffBeam.count	62.0
1_train.fallOffBeam.mean	0.45161290322580644
1_train.fallOffBeam.max	1.0
1_train.totalDerivs.count	62.0
1_train.totalDerivs.mean	102771.6129032258
1_train.totalDerivs.max	2326573.0
1_train.numOfFeaturizedDerivs.count	62.0
1_train.numOfFeaturizedDerivs.mean	102771.6129032258
1_train.numOfFeaturizedDerivs.max	2326573.0
iter=1-train.correct.count	62.0
iter=1-train.correct.mean	0.2661290322580645
iter=1-train.correct.max	1.0
iter=1-train.oracle.count	62.0
iter=1-train.oracle.mean	0.5645161290322581
iter=1-train.oracle.max	1.0
iter=1-train.partCorrect.count	62.0
iter=1-train.partCorrect.mean	0.2661290322580645
iter=1-train.partCorrect.max	1.0
iter=1-train.partOracle.count	62.0
iter=1-train.partOracle.mean	0.5645161290322581
iter=1-train.partOracle.max	1.0
iter=1-train.correctIndexAfterParse.count	35.0
iter=1-train.correctIndexAfterParse.mean	10.885714285714286
iter=1-train.correctIndexAfterParse.max	126.0
iter=1-train.correctMaxBeamPosition.count	35.0
iter=1-train.correctMaxBeamPosition.mean	10.914285714285715
iter=1-train.correctMaxBeamPosition.max	126.0
iter=1-train.correctMaxUnsortedBeamPosition.count	35.0
iter=1-train.correctMaxUnsortedBeamPosition.mean	150.9142857142857
iter=1-train.correctMaxUnsortedBeamPosition.max	1232.0
iter=1-train.parsed.count	62.0
iter=1-train.parsed.mean	1.0
iter=1-train.parsed.max	1.0
iter=1-train.numCandidates.count	62.0
iter=1-train.numCandidates.mean	108.3225806451613
iter=1-train.numCandidates.max	200.0
iter=1-train.parsedNumCandidates.count	62.0
iter=1-train.parsedNumCandidates.mean	108.3225806451613
iter=1-train.parsedNumCandidates.max	200.0
iter=1-train.numCorrect.count	62.0
iter=1-train.numCorrect.mean	0.5645161290322581
iter=1-train.numCorrect.max	1.0
iter=1-train.numPartialCorrect.count	62.0
iter=1-train.numPartialCorrect.mean	0.0
iter=1-train.numPartialCorrect.max	0.0
iter=1-train.numIncorrect.count	62.0
iter=1-train.numIncorrect.mean	107.75806451612904
iter=1-train.numIncorrect.max	200.0
iter=1-train.numTokens.count	62.0
iter=1-train.numTokens.mean	27.693548387096776
iter=1-train.numTokens.max	65.0
iter=1-train.parseTime.count	62.0
iter=1-train.parseTime.mean	1742.4193548387098
iter=1-train.parseTime.max	33273.0
iter=1-train.maxCellSize.count	62.0
iter=1-train.maxCellSize.mean	1637.4354838709678
iter=1-train.maxCellSize.max	33420.0
iter=1-train.fallOffBeam.count	62.0
iter=1-train.fallOffBeam.mean	0.45161290322580644
iter=1-train.fallOffBeam.max	1.0
iter=1-train.totalDerivs.count	62.0
iter=1-train.totalDerivs.mean	102771.6129032258
iter=1-train.totalDerivs.max	2326573.0
iter=1-train.numOfFeaturizedDerivs.count	62.0
iter=1-train.numOfFeaturizedDerivs.mean	102771.6129032258
iter=1-train.numOfFeaturizedDerivs.max	2326573.0
2_train.correct.count	62.0
2_train.correct.mean	0.20161290322580644
2_train.correct.max	1.0
2_train.oracle.count	62.0
2_train.oracle.mean	0.5645161290322581
2_train.oracle.max	1.0
2_train.partCorrect.count	62.0
2_train.partCorrect.mean	0.20161290322580644
2_train.partCorrect.max	1.0
2_train.partOracle.count	62.0
2_train.partOracle.mean	0.5645161290322581
2_train.partOracle.max	1.0
2_train.correctIndexAfterParse.count	35.0
2_train.correctIndexAfterParse.mean	13.485714285714286
2_train.correctIndexAfterParse.max	174.0
2_train.correctMaxBeamPosition.count	35.0
2_train.correctMaxBeamPosition.mean	13.485714285714286
2_train.correctMaxBeamPosition.max	174.0
2_train.correctMaxUnsortedBeamPosition.count	35.0
2_train.correctMaxUnsortedBeamPosition.mean	145.4
2_train.correctMaxUnsortedBeamPosition.max	1253.0
2_train.parsed.count	62.0
2_train.parsed.mean	1.0
2_train.parsed.max	1.0
2_train.numCandidates.count	62.0
2_train.numCandidates.mean	108.3225806451613
2_train.numCandidates.max	200.0
2_train.parsedNumCandidates.count	62.0
2_train.parsedNumCandidates.mean	108.3225806451613
2_train.parsedNumCandidates.max	200.0
2_train.numCorrect.count	62.0
2_train.numCorrect.mean	0.5645161290322581
2_train.numCorrect.max	1.0
2_train.numPartialCorrect.count	62.0
2_train.numPartialCorrect.mean	0.0
2_train.numPartialCorrect.max	0.0
2_train.numIncorrect.count	62.0
2_train.numIncorrect.mean	107.75806451612904
2_train.numIncorrect.max	200.0
2_train.numTokens.count	62.0
2_train.numTokens.mean	27.693548387096776
2_train.numTokens.max	65.0
2_train.parseTime.count	62.0
2_train.parseTime.mean	1728.8709677419354
2_train.parseTime.max	32389.0
2_train.maxCellSize.count	62.0
2_train.maxCellSize.mean	1632.1129032258063
2_train.maxCellSize.max	33091.0
2_train.fallOffBeam.count	62.0
2_train.fallOffBeam.mean	0.45161290322580644
2_train.fallOffBeam.max	1.0
2_train.totalDerivs.count	62.0
2_train.totalDerivs.mean	102404.67741935483
2_train.totalDerivs.max	2308043.0
2_train.numOfFeaturizedDerivs.count	62.0
2_train.numOfFeaturizedDerivs.mean	102404.67741935483
2_train.numOfFeaturizedDerivs.max	2308043.0
iter=2-train.correct.count	62.0
iter=2-train.correct.mean	0.20161290322580644
iter=2-train.correct.max	1.0
iter=2-train.oracle.count	62.0
iter=2-train.oracle.mean	0.5645161290322581
iter=2-train.oracle.max	1.0
iter=2-train.partCorrect.count	62.0
iter=2-train.partCorrect.mean	0.20161290322580644
iter=2-train.partCorrect.max	1.0
iter=2-train.partOracle.count	62.0
iter=2-train.partOracle.mean	0.5645161290322581
iter=2-train.partOracle.max	1.0
iter=2-train.correctIndexAfterParse.count	35.0
iter=2-train.correctIndexAfterParse.mean	13.485714285714286
iter=2-train.correctIndexAfterParse.max	174.0
iter=2-train.correctMaxBeamPosition.count	35.0
iter=2-train.correctMaxBeamPosition.mean	13.485714285714286
iter=2-train.correctMaxBeamPosition.max	174.0
iter=2-train.correctMaxUnsortedBeamPosition.count	35.0
iter=2-train.correctMaxUnsortedBeamPosition.mean	145.4
iter=2-train.correctMaxUnsortedBeamPosition.max	1253.0
iter=2-train.parsed.count	62.0
iter=2-train.parsed.mean	1.0
iter=2-train.parsed.max	1.0
iter=2-train.numCandidates.count	62.0
iter=2-train.numCandidates.mean	108.3225806451613
iter=2-train.numCandidates.max	200.0
iter=2-train.parsedNumCandidates.count	62.0
iter=2-train.parsedNumCandidates.mean	108.3225806451613
iter=2-train.parsedNumCandidates.max	200.0
iter=2-train.numCorrect.count	62.0
iter=2-train.numCorrect.mean	0.5645161290322581
iter=2-train.numCorrect.max	1.0
iter=2-train.numPartialCorrect.count	62.0
iter=2-train.numPartialCorrect.mean	0.0
iter=2-train.numPartialCorrect.max	0.0
iter=2-train.numIncorrect.count	62.0
iter=2-train.numIncorrect.mean	107.75806451612904
iter=2-train.numIncorrect.max	200.0
iter=2-train.numTokens.count	62.0
iter=2-train.numTokens.mean	27.693548387096776
iter=2-train.numTokens.max	65.0
iter=2-train.parseTime.count	62.0
iter=2-train.parseTime.mean	1728.8709677419354
iter=2-train.parseTime.max	32389.0
iter=2-train.maxCellSize.count	62.0
iter=2-train.maxCellSize.mean	1632.1129032258063
iter=2-train.maxCellSize.max	33091.0
iter=2-train.fallOffBeam.count	62.0
iter=2-train.fallOffBeam.mean	0.45161290322580644
iter=2-train.fallOffBeam.max	1.0
iter=2-train.totalDerivs.count	62.0
iter=2-train.totalDerivs.mean	102404.67741935483
iter=2-train.totalDerivs.max	2308043.0
iter=2-train.numOfFeaturizedDerivs.count	62.0
iter=2-train.numOfFeaturizedDerivs.mean	102404.67741935483
iter=2-train.numOfFeaturizedDerivs.max	2308043.0
3_train.correct.count	62.0
3_train.correct.mean	0.33064516129032256
3_train.correct.max	1.0
3_train.oracle.count	62.0
3_train.oracle.mean	0.6129032258064516
3_train.oracle.max	1.0
3_train.partCorrect.count	62.0
3_train.partCorrect.mean	0.33064516129032256
3_train.partCorrect.max	1.0
3_train.partOracle.count	62.0
3_train.partOracle.mean	0.6129032258064516
3_train.partOracle.max	1.0
3_train.correctIndexAfterParse.count	38.0
3_train.correctIndexAfterParse.mean	11.026315789473685
3_train.correctIndexAfterParse.max	142.0
3_train.correctMaxBeamPosition.count	38.0
3_train.correctMaxBeamPosition.mean	11.026315789473685
3_train.correctMaxBeamPosition.max	142.0
3_train.correctMaxUnsortedBeamPosition.count	38.0
3_train.correctMaxUnsortedBeamPosition.mean	383.0
3_train.correctMaxUnsortedBeamPosition.max	8168.0
3_train.parsed.count	62.0
3_train.parsed.mean	1.0
3_train.parsed.max	1.0
3_train.numCandidates.count	62.0
3_train.numCandidates.mean	108.3225806451613
3_train.numCandidates.max	200.0
3_train.parsedNumCandidates.count	62.0
3_train.parsedNumCandidates.mean	108.3225806451613
3_train.parsedNumCandidates.max	200.0
3_train.numCorrect.count	62.0
3_train.numCorrect.mean	0.6129032258064516
3_train.numCorrect.max	1.0
3_train.numPartialCorrect.count	62.0
3_train.numPartialCorrect.mean	0.0
3_train.numPartialCorrect.max	0.0
3_train.numIncorrect.count	62.0
3_train.numIncorrect.mean	107.70967741935483
3_train.numIncorrect.max	200.0
3_train.numTokens.count	62.0
3_train.numTokens.mean	27.693548387096776
3_train.numTokens.max	65.0
3_train.parseTime.count	62.0
3_train.parseTime.mean	1724.8387096774193
3_train.parseTime.max	32798.0
3_train.maxCellSize.count	62.0
3_train.maxCellSize.mean	1625.741935483871
3_train.maxCellSize.max	32862.0
3_train.fallOffBeam.count	62.0
3_train.fallOffBeam.mean	0.45161290322580644
3_train.fallOffBeam.max	1.0
3_train.totalDerivs.count	62.0
3_train.totalDerivs.mean	102785.54838709677
3_train.totalDerivs.max	2325907.0
3_train.numOfFeaturizedDerivs.count	62.0
3_train.numOfFeaturizedDerivs.mean	102785.54838709677
3_train.numOfFeaturizedDerivs.max	2325907.0
iter=3-train.correct.count	62.0
iter=3-train.correct.mean	0.33064516129032256
iter=3-train.correct.max	1.0
iter=3-train.oracle.count	62.0
iter=3-train.oracle.mean	0.6129032258064516
iter=3-train.oracle.max	1.0
iter=3-train.partCorrect.count	62.0
iter=3-train.partCorrect.mean	0.33064516129032256
iter=3-train.partCorrect.max	1.0
iter=3-train.partOracle.count	62.0
iter=3-train.partOracle.mean	0.6129032258064516
iter=3-train.partOracle.max	1.0
iter=3-train.correctIndexAfterParse.count	38.0
iter=3-train.correctIndexAfterParse.mean	11.026315789473685
iter=3-train.correctIndexAfterParse.max	142.0
iter=3-train.correctMaxBeamPosition.count	38.0
iter=3-train.correctMaxBeamPosition.mean	11.026315789473685
iter=3-train.correctMaxBeamPosition.max	142.0
iter=3-train.correctMaxUnsortedBeamPosition.count	38.0
iter=3-train.correctMaxUnsortedBeamPosition.mean	383.0
iter=3-train.correctMaxUnsortedBeamPosition.max	8168.0
iter=3-train.parsed.count	62.0
iter=3-train.parsed.mean	1.0
iter=3-train.parsed.max	1.0
iter=3-train.numCandidates.count	62.0
iter=3-train.numCandidates.mean	108.3225806451613
iter=3-train.numCandidates.max	200.0
iter=3-train.parsedNumCandidates.count	62.0
iter=3-train.parsedNumCandidates.mean	108.3225806451613
iter=3-train.parsedNumCandidates.max	200.0
iter=3-train.numCorrect.count	62.0
iter=3-train.numCorrect.mean	0.6129032258064516
iter=3-train.numCorrect.max	1.0
iter=3-train.numPartialCorrect.count	62.0
iter=3-train.numPartialCorrect.mean	0.0
iter=3-train.numPartialCorrect.max	0.0
iter=3-train.numIncorrect.count	62.0
iter=3-train.numIncorrect.mean	107.70967741935483
iter=3-train.numIncorrect.max	200.0
iter=3-train.numTokens.count	62.0
iter=3-train.numTokens.mean	27.693548387096776
iter=3-train.numTokens.max	65.0
iter=3-train.parseTime.count	62.0
iter=3-train.parseTime.mean	1724.8387096774193
iter=3-train.parseTime.max	32798.0
iter=3-train.maxCellSize.count	62.0
iter=3-train.maxCellSize.mean	1625.741935483871
iter=3-train.maxCellSize.max	32862.0
iter=3-train.fallOffBeam.count	62.0
iter=3-train.fallOffBeam.mean	0.45161290322580644
iter=3-train.fallOffBeam.max	1.0
iter=3-train.totalDerivs.count	62.0
iter=3-train.totalDerivs.mean	102785.54838709677
iter=3-train.totalDerivs.max	2325907.0
iter=3-train.numOfFeaturizedDerivs.count	62.0
iter=3-train.numOfFeaturizedDerivs.mean	102785.54838709677
iter=3-train.numOfFeaturizedDerivs.max	2325907.0
4_train.correct.count	62.0
4_train.correct.mean	0.3790322580645161
4_train.correct.max	1.0
4_train.oracle.count	62.0
4_train.oracle.mean	0.6129032258064516
4_train.oracle.max	1.0
4_train.partCorrect.count	62.0
4_train.partCorrect.mean	0.3790322580645161
4_train.partCorrect.max	1.0
4_train.partOracle.count	62.0
4_train.partOracle.mean	0.6129032258064516
4_train.partOracle.max	1.0
4_train.correctIndexAfterParse.count	38.0
4_train.correctIndexAfterParse.mean	8.447368421052632
4_train.correctIndexAfterParse.max	149.0
4_train.correctMaxBeamPosition.count	38.0
4_train.correctMaxBeamPosition.mean	8.473684210526315
4_train.correctMaxBeamPosition.max	149.0
4_train.correctMaxUnsortedBeamPosition.count	38.0
4_train.correctMaxUnsortedBeamPosition.mean	380.6842105263158
4_train.correctMaxUnsortedBeamPosition.max	8059.0
4_train.parsed.count	62.0
4_train.parsed.mean	1.0
4_train.parsed.max	1.0
4_train.numCandidates.count	62.0
4_train.numCandidates.mean	108.3225806451613
4_train.numCandidates.max	200.0
4_train.parsedNumCandidates.count	62.0
4_train.parsedNumCandidates.mean	108.3225806451613
4_train.parsedNumCandidates.max	200.0
4_train.numCorrect.count	62.0
4_train.numCorrect.mean	0.6129032258064516
4_train.numCorrect.max	1.0
4_train.numPartialCorrect.count	62.0
4_train.numPartialCorrect.mean	0.0
4_train.numPartialCorrect.max	0.0
4_train.numIncorrect.count	62.0
4_train.numIncorrect.mean	107.70967741935483
4_train.numIncorrect.max	200.0
4_train.numTokens.count	62.0
4_train.numTokens.mean	27.693548387096776
4_train.numTokens.max	65.0
4_train.parseTime.count	62.0
4_train.parseTime.mean	1712.967741935484
4_train.parseTime.max	32307.0
4_train.maxCellSize.count	62.0
4_train.maxCellSize.mean	1627.8064516129032
4_train.maxCellSize.max	33044.0
4_train.fallOffBeam.count	62.0
4_train.fallOffBeam.mean	0.45161290322580644
4_train.fallOffBeam.max	1.0
4_train.totalDerivs.count	62.0
4_train.totalDerivs.mean	102559.70967741935
4_train.totalDerivs.max	2315375.0
4_train.numOfFeaturizedDerivs.count	62.0
4_train.numOfFeaturizedDerivs.mean	102559.70967741935
4_train.numOfFeaturizedDerivs.max	2315375.0
iter=4-train.correct.count	62.0
iter=4-train.correct.mean	0.3790322580645161
iter=4-train.correct.max	1.0
iter=4-train.oracle.count	62.0
iter=4-train.oracle.mean	0.6129032258064516
iter=4-train.oracle.max	1.0
iter=4-train.partCorrect.count	62.0
iter=4-train.partCorrect.mean	0.3790322580645161
iter=4-train.partCorrect.max	1.0
iter=4-train.partOracle.count	62.0
iter=4-train.partOracle.mean	0.6129032258064516
iter=4-train.partOracle.max	1.0
iter=4-train.correctIndexAfterParse.count	38.0
iter=4-train.correctIndexAfterParse.mean	8.447368421052632
iter=4-train.correctIndexAfterParse.max	149.0
iter=4-train.correctMaxBeamPosition.count	38.0
iter=4-train.correctMaxBeamPosition.mean	8.473684210526315
iter=4-train.correctMaxBeamPosition.max	149.0
iter=4-train.correctMaxUnsortedBeamPosition.count	38.0
iter=4-train.correctMaxUnsortedBeamPosition.mean	380.6842105263158
iter=4-train.correctMaxUnsortedBeamPosition.max	8059.0
iter=4-train.parsed.count	62.0
iter=4-train.parsed.mean	1.0
iter=4-train.parsed.max	1.0
iter=4-train.numCandidates.count	62.0
iter=4-train.numCandidates.mean	108.3225806451613
iter=4-train.numCandidates.max	200.0
iter=4-train.parsedNumCandidates.count	62.0
iter=4-train.parsedNumCandidates.mean	108.3225806451613
iter=4-train.parsedNumCandidates.max	200.0
iter=4-train.numCorrect.count	62.0
iter=4-train.numCorrect.mean	0.6129032258064516
iter=4-train.numCorrect.max	1.0
iter=4-train.numPartialCorrect.count	62.0
iter=4-train.numPartialCorrect.mean	0.0
iter=4-train.numPartialCorrect.max	0.0
iter=4-train.numIncorrect.count	62.0
iter=4-train.numIncorrect.mean	107.70967741935483
iter=4-train.numIncorrect.max	200.0
iter=4-train.numTokens.count	62.0
iter=4-train.numTokens.mean	27.693548387096776
iter=4-train.numTokens.max	65.0
iter=4-train.parseTime.count	62.0
iter=4-train.parseTime.mean	1712.967741935484
iter=4-train.parseTime.max	32307.0
iter=4-train.maxCellSize.count	62.0
iter=4-train.maxCellSize.mean	1627.8064516129032
iter=4-train.maxCellSize.max	33044.0
iter=4-train.fallOffBeam.count	62.0
iter=4-train.fallOffBeam.mean	0.45161290322580644
iter=4-train.fallOffBeam.max	1.0
iter=4-train.totalDerivs.count	62.0
iter=4-train.totalDerivs.mean	102559.70967741935
iter=4-train.totalDerivs.max	2315375.0
iter=4-train.numOfFeaturizedDerivs.count	62.0
iter=4-train.numOfFeaturizedDerivs.mean	102559.70967741935
iter=4-train.numOfFeaturizedDerivs.max	2315375.0
5_train.correct.count	62.0
5_train.correct.mean	0.3548387096774194
5_train.correct.max	1.0
5_train.oracle.count	62.0
5_train.oracle.mean	0.6290322580645161
5_train.oracle.max	1.0
5_train.partCorrect.count	62.0
5_train.partCorrect.mean	0.3548387096774194
5_train.partCorrect.max	1.0
5_train.partOracle.count	62.0
5_train.partOracle.mean	0.6290322580645161
5_train.partOracle.max	1.0
5_train.correctIndexAfterParse.count	39.0
5_train.correctIndexAfterParse.mean	7.538461538461538
5_train.correctIndexAfterParse.max	157.0
5_train.correctMaxBeamPosition.count	39.0
5_train.correctMaxBeamPosition.mean	7.564102564102564
5_train.correctMaxBeamPosition.max	157.0
5_train.correctMaxUnsortedBeamPosition.count	39.0
5_train.correctMaxUnsortedBeamPosition.mean	405.46153846153845
5_train.correctMaxUnsortedBeamPosition.max	8147.0
5_train.parsed.count	62.0
5_train.parsed.mean	1.0
5_train.parsed.max	1.0
5_train.numCandidates.count	62.0
5_train.numCandidates.mean	108.3225806451613
5_train.numCandidates.max	200.0
5_train.parsedNumCandidates.count	62.0
5_train.parsedNumCandidates.mean	108.3225806451613
5_train.parsedNumCandidates.max	200.0
5_train.numCorrect.count	62.0
5_train.numCorrect.mean	0.6290322580645161
5_train.numCorrect.max	1.0
5_train.numPartialCorrect.count	62.0
5_train.numPartialCorrect.mean	0.0
5_train.numPartialCorrect.max	0.0
5_train.numIncorrect.count	62.0
5_train.numIncorrect.mean	107.69354838709677
5_train.numIncorrect.max	200.0
5_train.numTokens.count	62.0
5_train.numTokens.mean	27.693548387096776
5_train.numTokens.max	65.0
5_train.parseTime.count	62.0
5_train.parseTime.mean	1716.4032258064517
5_train.parseTime.max	32449.0
5_train.maxCellSize.count	62.0
5_train.maxCellSize.mean	1624.3387096774193
5_train.maxCellSize.max	32788.0
5_train.fallOffBeam.count	62.0
5_train.fallOffBeam.mean	0.45161290322580644
5_train.fallOffBeam.max	1.0
5_train.totalDerivs.count	62.0
5_train.totalDerivs.mean	102709.09677419355
5_train.totalDerivs.max	2322529.0
5_train.numOfFeaturizedDerivs.count	62.0
5_train.numOfFeaturizedDerivs.mean	102709.09677419355
5_train.numOfFeaturizedDerivs.max	2322529.0
iter=5-train.correct.count	62.0
iter=5-train.correct.mean	0.3548387096774194
iter=5-train.correct.max	1.0
iter=5-train.oracle.count	62.0
iter=5-train.oracle.mean	0.6290322580645161
iter=5-train.oracle.max	1.0
iter=5-train.partCorrect.count	62.0
iter=5-train.partCorrect.mean	0.3548387096774194
iter=5-train.partCorrect.max	1.0
iter=5-train.partOracle.count	62.0
iter=5-train.partOracle.mean	0.6290322580645161
iter=5-train.partOracle.max	1.0
iter=5-train.correctIndexAfterParse.count	39.0
iter=5-train.correctIndexAfterParse.mean	7.538461538461538
iter=5-train.correctIndexAfterParse.max	157.0
iter=5-train.correctMaxBeamPosition.count	39.0
iter=5-train.correctMaxBeamPosition.mean	7.564102564102564
iter=5-train.correctMaxBeamPosition.max	157.0
iter=5-train.correctMaxUnsortedBeamPosition.count	39.0
iter=5-train.correctMaxUnsortedBeamPosition.mean	405.46153846153845
iter=5-train.correctMaxUnsortedBeamPosition.max	8147.0
iter=5-train.parsed.count	62.0
iter=5-train.parsed.mean	1.0
iter=5-train.parsed.max	1.0
iter=5-train.numCandidates.count	62.0
iter=5-train.numCandidates.mean	108.3225806451613
iter=5-train.numCandidates.max	200.0
iter=5-train.parsedNumCandidates.count	62.0
iter=5-train.parsedNumCandidates.mean	108.3225806451613
iter=5-train.parsedNumCandidates.max	200.0
iter=5-train.numCorrect.count	62.0
iter=5-train.numCorrect.mean	0.6290322580645161
iter=5-train.numCorrect.max	1.0
iter=5-train.numPartialCorrect.count	62.0
iter=5-train.numPartialCorrect.mean	0.0
iter=5-train.numPartialCorrect.max	0.0
iter=5-train.numIncorrect.count	62.0
iter=5-train.numIncorrect.mean	107.69354838709677
iter=5-train.numIncorrect.max	200.0
iter=5-train.numTokens.count	62.0
iter=5-train.numTokens.mean	27.693548387096776
iter=5-train.numTokens.max	65.0
iter=5-train.parseTime.count	62.0
iter=5-train.parseTime.mean	1716.4032258064517
iter=5-train.parseTime.max	32449.0
iter=5-train.maxCellSize.count	62.0
iter=5-train.maxCellSize.mean	1624.3387096774193
iter=5-train.maxCellSize.max	32788.0
iter=5-train.fallOffBeam.count	62.0
iter=5-train.fallOffBeam.mean	0.45161290322580644
iter=5-train.fallOffBeam.max	1.0
iter=5-train.totalDerivs.count	62.0
iter=5-train.totalDerivs.mean	102709.09677419355
iter=5-train.totalDerivs.max	2322529.0
iter=5-train.numOfFeaturizedDerivs.count	62.0
iter=5-train.numOfFeaturizedDerivs.mean	102709.09677419355
iter=5-train.numOfFeaturizedDerivs.max	2322529.0
6_train.correct.count	62.0
6_train.correct.mean	0.3951612903225806
6_train.correct.max	1.0
6_train.oracle.count	62.0
6_train.oracle.mean	0.6129032258064516
6_train.oracle.max	1.0
6_train.partCorrect.count	62.0
6_train.partCorrect.mean	0.3951612903225806
6_train.partCorrect.max	1.0
6_train.partOracle.count	62.0
6_train.partOracle.mean	0.6129032258064516
6_train.partOracle.max	1.0
6_train.correctIndexAfterParse.count	38.0
6_train.correctIndexAfterParse.mean	4.7631578947368425
6_train.correctIndexAfterParse.max	92.0
6_train.correctMaxBeamPosition.count	38.0
6_train.correctMaxBeamPosition.mean	4.7631578947368425
6_train.correctMaxBeamPosition.max	92.0
6_train.correctMaxUnsortedBeamPosition.count	38.0
6_train.correctMaxUnsortedBeamPosition.mean	382.07894736842104
6_train.correctMaxUnsortedBeamPosition.max	8135.0
6_train.parsed.count	62.0
6_train.parsed.mean	1.0
6_train.parsed.max	1.0
6_train.numCandidates.count	62.0
6_train.numCandidates.mean	108.3225806451613
6_train.numCandidates.max	200.0
6_train.parsedNumCandidates.count	62.0
6_train.parsedNumCandidates.mean	108.3225806451613
6_train.parsedNumCandidates.max	200.0
6_train.numCorrect.count	62.0
6_train.numCorrect.mean	0.6129032258064516
6_train.numCorrect.max	1.0
6_train.numPartialCorrect.count	62.0
6_train.numPartialCorrect.mean	0.0
6_train.numPartialCorrect.max	0.0
6_train.numIncorrect.count	62.0
6_train.numIncorrect.mean	107.70967741935483
6_train.numIncorrect.max	200.0
6_train.numTokens.count	62.0
6_train.numTokens.mean	27.693548387096776
6_train.numTokens.max	65.0
6_train.parseTime.count	62.0
6_train.parseTime.mean	1745.5483870967741
6_train.parseTime.max	33844.0
6_train.maxCellSize.count	62.0
6_train.maxCellSize.mean	1626.1129032258063
6_train.maxCellSize.max	32965.0
6_train.fallOffBeam.count	62.0
6_train.fallOffBeam.mean	0.45161290322580644
6_train.fallOffBeam.max	1.0
6_train.totalDerivs.count	62.0
6_train.totalDerivs.mean	102539.25806451614
6_train.totalDerivs.max	2314489.0
6_train.numOfFeaturizedDerivs.count	62.0
6_train.numOfFeaturizedDerivs.mean	102539.25806451614
6_train.numOfFeaturizedDerivs.max	2314489.0
iter=6-train.correct.count	62.0
iter=6-train.correct.mean	0.3951612903225806
iter=6-train.correct.max	1.0
iter=6-train.oracle.count	62.0
iter=6-train.oracle.mean	0.6129032258064516
iter=6-train.oracle.max	1.0
iter=6-train.partCorrect.count	62.0
iter=6-train.partCorrect.mean	0.3951612903225806
iter=6-train.partCorrect.max	1.0
iter=6-train.partOracle.count	62.0
iter=6-train.partOracle.mean	0.6129032258064516
iter=6-train.partOracle.max	1.0
iter=6-train.correctIndexAfterParse.count	38.0
iter=6-train.correctIndexAfterParse.mean	4.7631578947368425
iter=6-train.correctIndexAfterParse.max	92.0
iter=6-train.correctMaxBeamPosition.count	38.0
iter=6-train.correctMaxBeamPosition.mean	4.7631578947368425
iter=6-train.correctMaxBeamPosition.max	92.0
iter=6-train.correctMaxUnsortedBeamPosition.count	38.0
iter=6-train.correctMaxUnsortedBeamPosition.mean	382.07894736842104
iter=6-train.correctMaxUnsortedBeamPosition.max	8135.0
iter=6-train.parsed.count	62.0
iter=6-train.parsed.mean	1.0
iter=6-train.parsed.max	1.0
iter=6-train.numCandidates.count	62.0
iter=6-train.numCandidates.mean	108.3225806451613
iter=6-train.numCandidates.max	200.0
iter=6-train.parsedNumCandidates.count	62.0
iter=6-train.parsedNumCandidates.mean	108.3225806451613
iter=6-train.parsedNumCandidates.max	200.0
iter=6-train.numCorrect.count	62.0
iter=6-train.numCorrect.mean	0.6129032258064516
iter=6-train.numCorrect.max	1.0
iter=6-train.numPartialCorrect.count	62.0
iter=6-train.numPartialCorrect.mean	0.0
iter=6-train.numPartialCorrect.max	0.0
iter=6-train.numIncorrect.count	62.0
iter=6-train.numIncorrect.mean	107.70967741935483
iter=6-train.numIncorrect.max	200.0
iter=6-train.numTokens.count	62.0
iter=6-train.numTokens.mean	27.693548387096776
iter=6-train.numTokens.max	65.0
iter=6-train.parseTime.count	62.0
iter=6-train.parseTime.mean	1745.5483870967741
iter=6-train.parseTime.max	33844.0
iter=6-train.maxCellSize.count	62.0
iter=6-train.maxCellSize.mean	1626.1129032258063
iter=6-train.maxCellSize.max	32965.0
iter=6-train.fallOffBeam.count	62.0
iter=6-train.fallOffBeam.mean	0.45161290322580644
iter=6-train.fallOffBeam.max	1.0
iter=6-train.totalDerivs.count	62.0
iter=6-train.totalDerivs.mean	102539.25806451614
iter=6-train.totalDerivs.max	2314489.0
iter=6-train.numOfFeaturizedDerivs.count	62.0
iter=6-train.numOfFeaturizedDerivs.mean	102539.25806451614
iter=6-train.numOfFeaturizedDerivs.max	2314489.0
7_train.correct.count	62.0
7_train.correct.mean	0.3870967741935484
7_train.correct.max	1.0
7_train.oracle.count	62.0
7_train.oracle.mean	0.6290322580645161
7_train.oracle.max	1.0
7_train.partCorrect.count	62.0
7_train.partCorrect.mean	0.3870967741935484
7_train.partCorrect.max	1.0
7_train.partOracle.count	62.0
7_train.partOracle.mean	0.6290322580645161
7_train.partOracle.max	1.0
7_train.correctIndexAfterParse.count	39.0
7_train.correctIndexAfterParse.mean	3.7948717948717947
7_train.correctIndexAfterParse.max	60.0
7_train.correctMaxBeamPosition.count	39.0
7_train.correctMaxBeamPosition.mean	3.8974358974358974
7_train.correctMaxBeamPosition.max	60.0
7_train.correctMaxUnsortedBeamPosition.count	39.0
7_train.correctMaxUnsortedBeamPosition.mean	405.2564102564103
7_train.correctMaxUnsortedBeamPosition.max	8163.0
7_train.parsed.count	62.0
7_train.parsed.mean	1.0
7_train.parsed.max	1.0
7_train.numCandidates.count	62.0
7_train.numCandidates.mean	108.3225806451613
7_train.numCandidates.max	200.0
7_train.parsedNumCandidates.count	62.0
7_train.parsedNumCandidates.mean	108.3225806451613
7_train.parsedNumCandidates.max	200.0
7_train.numCorrect.count	62.0
7_train.numCorrect.mean	0.6290322580645161
7_train.numCorrect.max	1.0
7_train.numPartialCorrect.count	62.0
7_train.numPartialCorrect.mean	0.0
7_train.numPartialCorrect.max	0.0
7_train.numIncorrect.count	62.0
7_train.numIncorrect.mean	107.69354838709677
7_train.numIncorrect.max	200.0
7_train.numTokens.count	62.0
7_train.numTokens.mean	27.693548387096776
7_train.numTokens.max	65.0
7_train.parseTime.count	62.0
7_train.parseTime.mean	1726.5967741935483
7_train.parseTime.max	33075.0
7_train.maxCellSize.count	62.0
7_train.maxCellSize.mean	1623.8387096774193
7_train.maxCellSize.max	32761.0
7_train.fallOffBeam.count	62.0
7_train.fallOffBeam.mean	0.45161290322580644
7_train.fallOffBeam.max	1.0
7_train.totalDerivs.count	62.0
7_train.totalDerivs.mean	102702.45161290323
7_train.totalDerivs.max	2321665.0
7_train.numOfFeaturizedDerivs.count	62.0
7_train.numOfFeaturizedDerivs.mean	102702.45161290323
7_train.numOfFeaturizedDerivs.max	2321665.0
iter=7-train.correct.count	62.0
iter=7-train.correct.mean	0.3870967741935484
iter=7-train.correct.max	1.0
iter=7-train.oracle.count	62.0
iter=7-train.oracle.mean	0.6290322580645161
iter=7-train.oracle.max	1.0
iter=7-train.partCorrect.count	62.0
iter=7-train.partCorrect.mean	0.3870967741935484
iter=7-train.partCorrect.max	1.0
iter=7-train.partOracle.count	62.0
iter=7-train.partOracle.mean	0.6290322580645161
iter=7-train.partOracle.max	1.0
iter=7-train.correctIndexAfterParse.count	39.0
iter=7-train.correctIndexAfterParse.mean	3.7948717948717947
iter=7-train.correctIndexAfterParse.max	60.0
iter=7-train.correctMaxBeamPosition.count	39.0
iter=7-train.correctMaxBeamPosition.mean	3.8974358974358974
iter=7-train.correctMaxBeamPosition.max	60.0
iter=7-train.correctMaxUnsortedBeamPosition.count	39.0
iter=7-train.correctMaxUnsortedBeamPosition.mean	405.2564102564103
iter=7-train.correctMaxUnsortedBeamPosition.max	8163.0
iter=7-train.parsed.count	62.0
iter=7-train.parsed.mean	1.0
iter=7-train.parsed.max	1.0
iter=7-train.numCandidates.count	62.0
iter=7-train.numCandidates.mean	108.3225806451613
iter=7-train.numCandidates.max	200.0
iter=7-train.parsedNumCandidates.count	62.0
iter=7-train.parsedNumCandidates.mean	108.3225806451613
iter=7-train.parsedNumCandidates.max	200.0
iter=7-train.numCorrect.count	62.0
iter=7-train.numCorrect.mean	0.6290322580645161
iter=7-train.numCorrect.max	1.0
iter=7-train.numPartialCorrect.count	62.0
iter=7-train.numPartialCorrect.mean	0.0
iter=7-train.numPartialCorrect.max	0.0
iter=7-train.numIncorrect.count	62.0
iter=7-train.numIncorrect.mean	107.69354838709677
iter=7-train.numIncorrect.max	200.0
iter=7-train.numTokens.count	62.0
iter=7-train.numTokens.mean	27.693548387096776
iter=7-train.numTokens.max	65.0
iter=7-train.parseTime.count	62.0
iter=7-train.parseTime.mean	1726.5967741935483
iter=7-train.parseTime.max	33075.0
iter=7-train.maxCellSize.count	62.0
iter=7-train.maxCellSize.mean	1623.8387096774193
iter=7-train.maxCellSize.max	32761.0
iter=7-train.fallOffBeam.count	62.0
iter=7-train.fallOffBeam.mean	0.45161290322580644
iter=7-train.fallOffBeam.max	1.0
iter=7-train.totalDerivs.count	62.0
iter=7-train.totalDerivs.mean	102702.45161290323
iter=7-train.totalDerivs.max	2321665.0
iter=7-train.numOfFeaturizedDerivs.count	62.0
iter=7-train.numOfFeaturizedDerivs.mean	102702.45161290323
iter=7-train.numOfFeaturizedDerivs.max	2321665.0
8_train.correct.count	62.0
8_train.correct.mean	0.41935483870967744
8_train.correct.max	1.0
8_train.oracle.count	62.0
8_train.oracle.mean	0.6290322580645161
8_train.oracle.max	1.0
8_train.partCorrect.count	62.0
8_train.partCorrect.mean	0.41935483870967744
8_train.partCorrect.max	1.0
8_train.partOracle.count	62.0
8_train.partOracle.mean	0.6290322580645161
8_train.partOracle.max	1.0
8_train.correctIndexAfterParse.count	39.0
8_train.correctIndexAfterParse.mean	3.8974358974358974
8_train.correctIndexAfterParse.max	73.0
8_train.correctMaxBeamPosition.count	39.0
8_train.correctMaxBeamPosition.mean	3.9743589743589745
8_train.correctMaxBeamPosition.max	73.0
8_train.correctMaxUnsortedBeamPosition.count	39.0
8_train.correctMaxUnsortedBeamPosition.mean	403.6666666666667
8_train.correctMaxUnsortedBeamPosition.max	8112.0
8_train.parsed.count	62.0
8_train.parsed.mean	1.0
8_train.parsed.max	1.0
8_train.numCandidates.count	62.0
8_train.numCandidates.mean	108.3225806451613
8_train.numCandidates.max	200.0
8_train.parsedNumCandidates.count	62.0
8_train.parsedNumCandidates.mean	108.3225806451613
8_train.parsedNumCandidates.max	200.0
8_train.numCorrect.count	62.0
8_train.numCorrect.mean	0.6290322580645161
8_train.numCorrect.max	1.0
8_train.numPartialCorrect.count	62.0
8_train.numPartialCorrect.mean	0.0
8_train.numPartialCorrect.max	0.0
8_train.numIncorrect.count	62.0
8_train.numIncorrect.mean	107.69354838709677
8_train.numIncorrect.max	200.0
8_train.numTokens.count	62.0
8_train.numTokens.mean	27.693548387096776
8_train.numTokens.max	65.0
8_train.parseTime.count	62.0
8_train.parseTime.mean	1727.5967741935483
8_train.parseTime.max	32499.0
8_train.maxCellSize.count	62.0
8_train.maxCellSize.mean	1623.3225806451612
8_train.maxCellSize.max	32812.0
8_train.fallOffBeam.count	62.0
8_train.fallOffBeam.mean	0.45161290322580644
8_train.fallOffBeam.max	1.0
8_train.totalDerivs.count	62.0
8_train.totalDerivs.mean	102570.3870967742
8_train.totalDerivs.max	2316095.0
8_train.numOfFeaturizedDerivs.count	62.0
8_train.numOfFeaturizedDerivs.mean	102570.3870967742
8_train.numOfFeaturizedDerivs.max	2316095.0
iter=8-train.correct.count	62.0
iter=8-train.correct.mean	0.41935483870967744
iter=8-train.correct.max	1.0
iter=8-train.oracle.count	62.0
iter=8-train.oracle.mean	0.6290322580645161
iter=8-train.oracle.max	1.0
iter=8-train.partCorrect.count	62.0
iter=8-train.partCorrect.mean	0.41935483870967744
iter=8-train.partCorrect.max	1.0
iter=8-train.partOracle.count	62.0
iter=8-train.partOracle.mean	0.6290322580645161
iter=8-train.partOracle.max	1.0
iter=8-train.correctIndexAfterParse.count	39.0
iter=8-train.correctIndexAfterParse.mean	3.8974358974358974
iter=8-train.correctIndexAfterParse.max	73.0
iter=8-train.correctMaxBeamPosition.count	39.0
iter=8-train.correctMaxBeamPosition.mean	3.9743589743589745
iter=8-train.correctMaxBeamPosition.max	73.0
iter=8-train.correctMaxUnsortedBeamPosition.count	39.0
iter=8-train.correctMaxUnsortedBeamPosition.mean	403.6666666666667
iter=8-train.correctMaxUnsortedBeamPosition.max	8112.0
iter=8-train.parsed.count	62.0
iter=8-train.parsed.mean	1.0
iter=8-train.parsed.max	1.0
iter=8-train.numCandidates.count	62.0
iter=8-train.numCandidates.mean	108.3225806451613
iter=8-train.numCandidates.max	200.0
iter=8-train.parsedNumCandidates.count	62.0
iter=8-train.parsedNumCandidates.mean	108.3225806451613
iter=8-train.parsedNumCandidates.max	200.0
iter=8-train.numCorrect.count	62.0
iter=8-train.numCorrect.mean	0.6290322580645161
iter=8-train.numCorrect.max	1.0
iter=8-train.numPartialCorrect.count	62.0
iter=8-train.numPartialCorrect.mean	0.0
iter=8-train.numPartialCorrect.max	0.0
iter=8-train.numIncorrect.count	62.0
iter=8-train.numIncorrect.mean	107.69354838709677
iter=8-train.numIncorrect.max	200.0
iter=8-train.numTokens.count	62.0
iter=8-train.numTokens.mean	27.693548387096776
iter=8-train.numTokens.max	65.0
iter=8-train.parseTime.count	62.0
iter=8-train.parseTime.mean	1727.5967741935483
iter=8-train.parseTime.max	32499.0
iter=8-train.maxCellSize.count	62.0
iter=8-train.maxCellSize.mean	1623.3225806451612
iter=8-train.maxCellSize.max	32812.0
iter=8-train.fallOffBeam.count	62.0
iter=8-train.fallOffBeam.mean	0.45161290322580644
iter=8-train.fallOffBeam.max	1.0
iter=8-train.totalDerivs.count	62.0
iter=8-train.totalDerivs.mean	102570.3870967742
iter=8-train.totalDerivs.max	2316095.0
iter=8-train.numOfFeaturizedDerivs.count	62.0
iter=8-train.numOfFeaturizedDerivs.mean	102570.3870967742
iter=8-train.numOfFeaturizedDerivs.max	2316095.0
9_train.correct.count	62.0
9_train.correct.mean	0.3870967741935484
9_train.correct.max	1.0
9_train.oracle.count	62.0
9_train.oracle.mean	0.6290322580645161
9_train.oracle.max	1.0
9_train.partCorrect.count	62.0
9_train.partCorrect.mean	0.3870967741935484
9_train.partCorrect.max	1.0
9_train.partOracle.count	62.0
9_train.partOracle.mean	0.6290322580645161
9_train.partOracle.max	1.0
9_train.correctIndexAfterParse.count	39.0
9_train.correctIndexAfterParse.mean	1.8717948717948718
9_train.correctIndexAfterParse.max	42.0
9_train.correctMaxBeamPosition.count	39.0
9_train.correctMaxBeamPosition.mean	1.9743589743589745
9_train.correctMaxBeamPosition.max	42.0
9_train.correctMaxUnsortedBeamPosition.count	39.0
9_train.correctMaxUnsortedBeamPosition.mean	404.7435897435897
9_train.correctMaxUnsortedBeamPosition.max	8146.0
9_train.parsed.count	62.0
9_train.parsed.mean	1.0
9_train.parsed.max	1.0
9_train.numCandidates.count	62.0
9_train.numCandidates.mean	108.3225806451613
9_train.numCandidates.max	200.0
9_train.parsedNumCandidates.count	62.0
9_train.parsedNumCandidates.mean	108.3225806451613
9_train.parsedNumCandidates.max	200.0
9_train.numCorrect.count	62.0
9_train.numCorrect.mean	0.6290322580645161
9_train.numCorrect.max	1.0
9_train.numPartialCorrect.count	62.0
9_train.numPartialCorrect.mean	0.0
9_train.numPartialCorrect.max	0.0
9_train.numIncorrect.count	62.0
9_train.numIncorrect.mean	107.69354838709677
9_train.numIncorrect.max	200.0
9_train.numTokens.count	62.0
9_train.numTokens.mean	27.693548387096776
9_train.numTokens.max	65.0
9_train.parseTime.count	62.0
9_train.parseTime.mean	1710.3709677419354
9_train.parseTime.max	32811.0
9_train.maxCellSize.count	62.0
9_train.maxCellSize.mean	1623.6774193548388
9_train.maxCellSize.max	32766.0
9_train.fallOffBeam.count	62.0
9_train.fallOffBeam.mean	0.45161290322580644
9_train.fallOffBeam.max	1.0
9_train.totalDerivs.count	62.0
9_train.totalDerivs.mean	102699.93548387097
9_train.totalDerivs.max	2320701.0
9_train.numOfFeaturizedDerivs.count	62.0
9_train.numOfFeaturizedDerivs.mean	102699.93548387097
9_train.numOfFeaturizedDerivs.max	2320701.0
iter=9-train.correct.count	62.0
iter=9-train.correct.mean	0.3870967741935484
iter=9-train.correct.max	1.0
iter=9-train.oracle.count	62.0
iter=9-train.oracle.mean	0.6290322580645161
iter=9-train.oracle.max	1.0
iter=9-train.partCorrect.count	62.0
iter=9-train.partCorrect.mean	0.3870967741935484
iter=9-train.partCorrect.max	1.0
iter=9-train.partOracle.count	62.0
iter=9-train.partOracle.mean	0.6290322580645161
iter=9-train.partOracle.max	1.0
iter=9-train.correctIndexAfterParse.count	39.0
iter=9-train.correctIndexAfterParse.mean	1.8717948717948718
iter=9-train.correctIndexAfterParse.max	42.0
iter=9-train.correctMaxBeamPosition.count	39.0
iter=9-train.correctMaxBeamPosition.mean	1.9743589743589745
iter=9-train.correctMaxBeamPosition.max	42.0
iter=9-train.correctMaxUnsortedBeamPosition.count	39.0
iter=9-train.correctMaxUnsortedBeamPosition.mean	404.7435897435897
iter=9-train.correctMaxUnsortedBeamPosition.max	8146.0
iter=9-train.parsed.count	62.0
iter=9-train.parsed.mean	1.0
iter=9-train.parsed.max	1.0
iter=9-train.numCandidates.count	62.0
iter=9-train.numCandidates.mean	108.3225806451613
iter=9-train.numCandidates.max	200.0
iter=9-train.parsedNumCandidates.count	62.0
iter=9-train.parsedNumCandidates.mean	108.3225806451613
iter=9-train.parsedNumCandidates.max	200.0
iter=9-train.numCorrect.count	62.0
iter=9-train.numCorrect.mean	0.6290322580645161
iter=9-train.numCorrect.max	1.0
iter=9-train.numPartialCorrect.count	62.0
iter=9-train.numPartialCorrect.mean	0.0
iter=9-train.numPartialCorrect.max	0.0
iter=9-train.numIncorrect.count	62.0
iter=9-train.numIncorrect.mean	107.69354838709677
iter=9-train.numIncorrect.max	200.0
iter=9-train.numTokens.count	62.0
iter=9-train.numTokens.mean	27.693548387096776
iter=9-train.numTokens.max	65.0
iter=9-train.parseTime.count	62.0
iter=9-train.parseTime.mean	1710.3709677419354
iter=9-train.parseTime.max	32811.0
iter=9-train.maxCellSize.count	62.0
iter=9-train.maxCellSize.mean	1623.6774193548388
iter=9-train.maxCellSize.max	32766.0
iter=9-train.fallOffBeam.count	62.0
iter=9-train.fallOffBeam.mean	0.45161290322580644
iter=9-train.fallOffBeam.max	1.0
iter=9-train.totalDerivs.count	62.0
iter=9-train.totalDerivs.mean	102699.93548387097
iter=9-train.totalDerivs.max	2320701.0
iter=9-train.numOfFeaturizedDerivs.count	62.0
iter=9-train.numOfFeaturizedDerivs.mean	102699.93548387097
iter=9-train.numOfFeaturizedDerivs.max	2320701.0
iter	10
group	train
example	61
log.note	
exec.memory	6.5G
exec.time	20m25s
exec.errors	0
exec.warnings	22
train.correct.count	62.0
train.correct.mean	0.4112903225806452
train.correct.max	1.0
train.oracle.count	62.0
train.oracle.mean	0.6290322580645161
train.oracle.max	1.0
train.partCorrect.count	62.0
train.partCorrect.mean	0.4112903225806452
train.partCorrect.max	1.0
train.partOracle.count	62.0
train.partOracle.mean	0.6290322580645161
train.partOracle.max	1.0
train.correctIndexAfterParse.count	39.0
train.correctIndexAfterParse.mean	2.3076923076923075
train.correctIndexAfterParse.max	14.0
train.correctMaxBeamPosition.count	39.0
train.correctMaxBeamPosition.mean	2.3076923076923075
train.correctMaxBeamPosition.max	14.0
train.correctMaxUnsortedBeamPosition.count	39.0
train.correctMaxUnsortedBeamPosition.mean	404.0769230769231
train.correctMaxUnsortedBeamPosition.max	8126.0
train.parsed.count	62.0
train.parsed.mean	1.0
train.parsed.max	1.0
train.numCandidates.count	62.0
train.numCandidates.mean	108.3225806451613
train.numCandidates.max	200.0
train.parsedNumCandidates.count	62.0
train.parsedNumCandidates.mean	108.3225806451613
train.parsedNumCandidates.max	200.0
train.numCorrect.count	62.0
train.numCorrect.mean	0.6290322580645161
train.numCorrect.max	1.0
train.numPartialCorrect.count	62.0
train.numPartialCorrect.mean	0.0
train.numPartialCorrect.max	0.0
train.numIncorrect.count	62.0
train.numIncorrect.mean	107.69354838709677
train.numIncorrect.max	200.0
train.numTokens.count	62.0
train.numTokens.mean	27.693548387096776
train.numTokens.max	65.0
train.parseTime.count	62.0
train.parseTime.mean	1711.1612903225807
train.parseTime.max	32141.0
train.maxCellSize.count	62.0
train.maxCellSize.mean	1623.016129032258
train.maxCellSize.max	32786.0
train.fallOffBeam.count	62.0
train.fallOffBeam.mean	0.45161290322580644
train.fallOffBeam.max	1.0
train.totalDerivs.count	62.0
train.totalDerivs.mean	102554.80645161291
train.totalDerivs.max	2315403.0
train.numOfFeaturizedDerivs.count	62.0
train.numOfFeaturizedDerivs.mean	102554.80645161291
train.numOfFeaturizedDerivs.max	2315403.0
10_train.correct.count	62.0
10_train.correct.mean	0.4112903225806452
10_train.correct.max	1.0
10_train.oracle.count	62.0
10_train.oracle.mean	0.6290322580645161
10_train.oracle.max	1.0
10_train.partCorrect.count	62.0
10_train.partCorrect.mean	0.4112903225806452
10_train.partCorrect.max	1.0
10_train.partOracle.count	62.0
10_train.partOracle.mean	0.6290322580645161
10_train.partOracle.max	1.0
10_train.correctIndexAfterParse.count	39.0
10_train.correctIndexAfterParse.mean	2.3076923076923075
10_train.correctIndexAfterParse.max	14.0
10_train.correctMaxBeamPosition.count	39.0
10_train.correctMaxBeamPosition.mean	2.3076923076923075
10_train.correctMaxBeamPosition.max	14.0
10_train.correctMaxUnsortedBeamPosition.count	39.0
10_train.correctMaxUnsortedBeamPosition.mean	404.0769230769231
10_train.correctMaxUnsortedBeamPosition.max	8126.0
10_train.parsed.count	62.0
10_train.parsed.mean	1.0
10_train.parsed.max	1.0
10_train.numCandidates.count	62.0
10_train.numCandidates.mean	108.3225806451613
10_train.numCandidates.max	200.0
10_train.parsedNumCandidates.count	62.0
10_train.parsedNumCandidates.mean	108.3225806451613
10_train.parsedNumCandidates.max	200.0
10_train.numCorrect.count	62.0
10_train.numCorrect.mean	0.6290322580645161
10_train.numCorrect.max	1.0
10_train.numPartialCorrect.count	62.0
10_train.numPartialCorrect.mean	0.0
10_train.numPartialCorrect.max	0.0
10_train.numIncorrect.count	62.0
10_train.numIncorrect.mean	107.69354838709677
10_train.numIncorrect.max	200.0
10_train.numTokens.count	62.0
10_train.numTokens.mean	27.693548387096776
10_train.numTokens.max	65.0
10_train.parseTime.count	62.0
10_train.parseTime.mean	1711.1612903225807
10_train.parseTime.max	32141.0
10_train.maxCellSize.count	62.0
10_train.maxCellSize.mean	1623.016129032258
10_train.maxCellSize.max	32786.0
10_train.fallOffBeam.count	62.0
10_train.fallOffBeam.mean	0.45161290322580644
10_train.fallOffBeam.max	1.0
10_train.totalDerivs.count	62.0
10_train.totalDerivs.mean	102554.80645161291
10_train.totalDerivs.max	2315403.0
10_train.numOfFeaturizedDerivs.count	62.0
10_train.numOfFeaturizedDerivs.mean	102554.80645161291
10_train.numOfFeaturizedDerivs.max	2315403.0
iter=10-train.correct.count	62.0
iter=10-train.correct.mean	0.4112903225806452
iter=10-train.correct.max	1.0
iter=10-train.oracle.count	62.0
iter=10-train.oracle.mean	0.6290322580645161
iter=10-train.oracle.max	1.0
iter=10-train.partCorrect.count	62.0
iter=10-train.partCorrect.mean	0.4112903225806452
iter=10-train.partCorrect.max	1.0
iter=10-train.partOracle.count	62.0
iter=10-train.partOracle.mean	0.6290322580645161
iter=10-train.partOracle.max	1.0
iter=10-train.correctIndexAfterParse.count	39.0
iter=10-train.correctIndexAfterParse.mean	2.3076923076923075
iter=10-train.correctIndexAfterParse.max	14.0
iter=10-train.correctMaxBeamPosition.count	39.0
iter=10-train.correctMaxBeamPosition.mean	2.3076923076923075
iter=10-train.correctMaxBeamPosition.max	14.0
iter=10-train.correctMaxUnsortedBeamPosition.count	39.0
iter=10-train.correctMaxUnsortedBeamPosition.mean	404.0769230769231
iter=10-train.correctMaxUnsortedBeamPosition.max	8126.0
iter=10-train.parsed.count	62.0
iter=10-train.parsed.mean	1.0
iter=10-train.parsed.max	1.0
iter=10-train.numCandidates.count	62.0
iter=10-train.numCandidates.mean	108.3225806451613
iter=10-train.numCandidates.max	200.0
iter=10-train.parsedNumCandidates.count	62.0
iter=10-train.parsedNumCandidates.mean	108.3225806451613
iter=10-train.parsedNumCandidates.max	200.0
iter=10-train.numCorrect.count	62.0
iter=10-train.numCorrect.mean	0.6290322580645161
iter=10-train.numCorrect.max	1.0
iter=10-train.numPartialCorrect.count	62.0
iter=10-train.numPartialCorrect.mean	0.0
iter=10-train.numPartialCorrect.max	0.0
iter=10-train.numIncorrect.count	62.0
iter=10-train.numIncorrect.mean	107.69354838709677
iter=10-train.numIncorrect.max	200.0
iter=10-train.numTokens.count	62.0
iter=10-train.numTokens.mean	27.693548387096776
iter=10-train.numTokens.max	65.0
iter=10-train.parseTime.count	62.0
iter=10-train.parseTime.mean	1711.1612903225807
iter=10-train.parseTime.max	32141.0
iter=10-train.maxCellSize.count	62.0
iter=10-train.maxCellSize.mean	1623.016129032258
iter=10-train.maxCellSize.max	32786.0
iter=10-train.fallOffBeam.count	62.0
iter=10-train.fallOffBeam.mean	0.45161290322580644
iter=10-train.fallOffBeam.max	1.0
iter=10-train.totalDerivs.count	62.0
iter=10-train.totalDerivs.mean	102554.80645161291
iter=10-train.totalDerivs.max	2315403.0
iter=10-train.numOfFeaturizedDerivs.count	62.0
iter=10-train.numOfFeaturizedDerivs.mean	102554.80645161291
iter=10-train.numOfFeaturizedDerivs.max	2315403.0
exec.disk	67M
exec.status	done
