0_train.correct.count	6500.0
0_train.correct.mean	0.13672287760199997
0_train.correct.max	1.0
0_train.oracle.count	6500.0
0_train.oracle.mean	0.2183076923076923
0_train.oracle.max	1.0
0_train.partCorrect.count	6500.0
0_train.partCorrect.mean	0.13672287760199997
0_train.partCorrect.max	1.0
0_train.partOracle.count	6500.0
0_train.partOracle.mean	0.2183076923076923
0_train.partOracle.max	1.0
0_train.parsed.count	6500.0
0_train.parsed.mean	0.9941538461538462
0_train.parsed.max	1.0
0_train.numCandidates.count	6500.0
0_train.numCandidates.mean	55.181384615384616
0_train.numCandidates.max	200.0
0_train.parsedNumCandidates.count	6462.0
0_train.parsedNumCandidates.mean	55.50588053234293
0_train.parsedNumCandidates.max	200.0
0_train.numCorrect.count	6500.0
0_train.numCorrect.mean	0.2183076923076923
0_train.numCorrect.max	1.0
0_train.numPartialCorrect.count	6500.0
0_train.numPartialCorrect.mean	0.0
0_train.numPartialCorrect.max	0.0
0_train.numIncorrect.count	6500.0
0_train.numIncorrect.mean	54.963076923076926
0_train.numIncorrect.max	200.0
0_train.numTokens.count	6500.0
0_train.numTokens.mean	12.511076923076923
0_train.numTokens.max	30.0
0_train.parseTime.count	6500.0
0_train.parseTime.mean	18.74030769230769
0_train.parseTime.max	622.0
0_train.maxCellSize.count	6500.0
0_train.maxCellSize.mean	92.23169230769231
0_train.maxCellSize.max	4371.0
0_train.fallOffBeam.count	6500.0
0_train.fallOffBeam.mean	0.10738461538461538
0_train.fallOffBeam.max	1.0
0_train.totalDerivs.count	6500.0
0_train.totalDerivs.mean	2347.230769230769
0_train.totalDerivs.max	78010.0
0_train.numOfFeaturizedDerivs.count	6500.0
0_train.numOfFeaturizedDerivs.mean	2347.230769230769
0_train.numOfFeaturizedDerivs.max	78010.0
0_train.correctIndexAfterParse.count	1419.0
0_train.correctIndexAfterParse.mean	1.0345313601127555
0_train.correctIndexAfterParse.max	173.0
0_train.correctMaxBeamPosition.count	1419.0
0_train.correctMaxBeamPosition.mean	1.0810429880197323
0_train.correctMaxBeamPosition.max	173.0
0_train.correctMaxUnsortedBeamPosition.count	1419.0
0_train.correctMaxUnsortedBeamPosition.mean	25.923890063424945
0_train.correctMaxUnsortedBeamPosition.max	2202.0
iter=0-train.correct.count	6500.0
iter=0-train.correct.mean	0.13672287760199997
iter=0-train.correct.max	1.0
iter=0-train.oracle.count	6500.0
iter=0-train.oracle.mean	0.2183076923076923
iter=0-train.oracle.max	1.0
iter=0-train.partCorrect.count	6500.0
iter=0-train.partCorrect.mean	0.13672287760199997
iter=0-train.partCorrect.max	1.0
iter=0-train.partOracle.count	6500.0
iter=0-train.partOracle.mean	0.2183076923076923
iter=0-train.partOracle.max	1.0
iter=0-train.parsed.count	6500.0
iter=0-train.parsed.mean	0.9941538461538462
iter=0-train.parsed.max	1.0
iter=0-train.numCandidates.count	6500.0
iter=0-train.numCandidates.mean	55.181384615384616
iter=0-train.numCandidates.max	200.0
iter=0-train.parsedNumCandidates.count	6462.0
iter=0-train.parsedNumCandidates.mean	55.50588053234293
iter=0-train.parsedNumCandidates.max	200.0
iter=0-train.numCorrect.count	6500.0
iter=0-train.numCorrect.mean	0.2183076923076923
iter=0-train.numCorrect.max	1.0
iter=0-train.numPartialCorrect.count	6500.0
iter=0-train.numPartialCorrect.mean	0.0
iter=0-train.numPartialCorrect.max	0.0
iter=0-train.numIncorrect.count	6500.0
iter=0-train.numIncorrect.mean	54.963076923076926
iter=0-train.numIncorrect.max	200.0
iter=0-train.numTokens.count	6500.0
iter=0-train.numTokens.mean	12.511076923076923
iter=0-train.numTokens.max	30.0
iter=0-train.parseTime.count	6500.0
iter=0-train.parseTime.mean	18.74030769230769
iter=0-train.parseTime.max	622.0
iter=0-train.maxCellSize.count	6500.0
iter=0-train.maxCellSize.mean	92.23169230769231
iter=0-train.maxCellSize.max	4371.0
iter=0-train.fallOffBeam.count	6500.0
iter=0-train.fallOffBeam.mean	0.10738461538461538
iter=0-train.fallOffBeam.max	1.0
iter=0-train.totalDerivs.count	6500.0
iter=0-train.totalDerivs.mean	2347.230769230769
iter=0-train.totalDerivs.max	78010.0
iter=0-train.numOfFeaturizedDerivs.count	6500.0
iter=0-train.numOfFeaturizedDerivs.mean	2347.230769230769
iter=0-train.numOfFeaturizedDerivs.max	78010.0
iter=0-train.correctIndexAfterParse.count	1419.0
iter=0-train.correctIndexAfterParse.mean	1.0345313601127555
iter=0-train.correctIndexAfterParse.max	173.0
iter=0-train.correctMaxBeamPosition.count	1419.0
iter=0-train.correctMaxBeamPosition.mean	1.0810429880197323
iter=0-train.correctMaxBeamPosition.max	173.0
iter=0-train.correctMaxUnsortedBeamPosition.count	1419.0
iter=0-train.correctMaxUnsortedBeamPosition.mean	25.923890063424945
iter=0-train.correctMaxUnsortedBeamPosition.max	2202.0
1_train.correct.count	6500.0
1_train.correct.mean	0.14692307692307693
1_train.correct.max	1.0
1_train.oracle.count	6500.0
1_train.oracle.mean	0.2183076923076923
1_train.oracle.max	1.0
1_train.partCorrect.count	6500.0
1_train.partCorrect.mean	0.14692307692307693
1_train.partCorrect.max	1.0
1_train.partOracle.count	6500.0
1_train.partOracle.mean	0.2183076923076923
1_train.partOracle.max	1.0
1_train.parsed.count	6500.0
1_train.parsed.mean	0.9941538461538462
1_train.parsed.max	1.0
1_train.numCandidates.count	6500.0
1_train.numCandidates.mean	55.181384615384616
1_train.numCandidates.max	200.0
1_train.parsedNumCandidates.count	6462.0
1_train.parsedNumCandidates.mean	55.50588053234293
1_train.parsedNumCandidates.max	200.0
1_train.numCorrect.count	6500.0
1_train.numCorrect.mean	0.2183076923076923
1_train.numCorrect.max	1.0
1_train.numPartialCorrect.count	6500.0
1_train.numPartialCorrect.mean	0.0
1_train.numPartialCorrect.max	0.0
1_train.numIncorrect.count	6500.0
1_train.numIncorrect.mean	54.963076923076926
1_train.numIncorrect.max	200.0
1_train.numTokens.count	6500.0
1_train.numTokens.mean	12.511076923076923
1_train.numTokens.max	30.0
1_train.parseTime.count	6500.0
1_train.parseTime.mean	17.591384615384616
1_train.parseTime.max	656.0
1_train.maxCellSize.count	6500.0
1_train.maxCellSize.mean	92.22507692307693
1_train.maxCellSize.max	4372.0
1_train.fallOffBeam.count	6500.0
1_train.fallOffBeam.mean	0.10738461538461538
1_train.fallOffBeam.max	1.0
1_train.totalDerivs.count	6500.0
1_train.totalDerivs.mean	2347.2304615384614
1_train.totalDerivs.max	78010.0
1_train.numOfFeaturizedDerivs.count	6500.0
1_train.numOfFeaturizedDerivs.mean	2347.2304615384614
1_train.numOfFeaturizedDerivs.max	78010.0
1_train.correctIndexAfterParse.count	1419.0
1_train.correctIndexAfterParse.mean	0.4904862579281184
1_train.correctIndexAfterParse.max	34.0
1_train.correctMaxBeamPosition.count	1419.0
1_train.correctMaxBeamPosition.mean	0.5348837209302325
1_train.correctMaxBeamPosition.max	34.0
1_train.correctMaxUnsortedBeamPosition.count	1419.0
1_train.correctMaxUnsortedBeamPosition.mean	25.899929527836505
1_train.correctMaxUnsortedBeamPosition.max	2204.0
iter=1-train.correct.count	6500.0
iter=1-train.correct.mean	0.14692307692307693
iter=1-train.correct.max	1.0
iter=1-train.oracle.count	6500.0
iter=1-train.oracle.mean	0.2183076923076923
iter=1-train.oracle.max	1.0
iter=1-train.partCorrect.count	6500.0
iter=1-train.partCorrect.mean	0.14692307692307693
iter=1-train.partCorrect.max	1.0
iter=1-train.partOracle.count	6500.0
iter=1-train.partOracle.mean	0.2183076923076923
iter=1-train.partOracle.max	1.0
iter=1-train.parsed.count	6500.0
iter=1-train.parsed.mean	0.9941538461538462
iter=1-train.parsed.max	1.0
iter=1-train.numCandidates.count	6500.0
iter=1-train.numCandidates.mean	55.181384615384616
iter=1-train.numCandidates.max	200.0
iter=1-train.parsedNumCandidates.count	6462.0
iter=1-train.parsedNumCandidates.mean	55.50588053234293
iter=1-train.parsedNumCandidates.max	200.0
iter=1-train.numCorrect.count	6500.0
iter=1-train.numCorrect.mean	0.2183076923076923
iter=1-train.numCorrect.max	1.0
iter=1-train.numPartialCorrect.count	6500.0
iter=1-train.numPartialCorrect.mean	0.0
iter=1-train.numPartialCorrect.max	0.0
iter=1-train.numIncorrect.count	6500.0
iter=1-train.numIncorrect.mean	54.963076923076926
iter=1-train.numIncorrect.max	200.0
iter=1-train.numTokens.count	6500.0
iter=1-train.numTokens.mean	12.511076923076923
iter=1-train.numTokens.max	30.0
iter=1-train.parseTime.count	6500.0
iter=1-train.parseTime.mean	17.591384615384616
iter=1-train.parseTime.max	656.0
iter=1-train.maxCellSize.count	6500.0
iter=1-train.maxCellSize.mean	92.22507692307693
iter=1-train.maxCellSize.max	4372.0
iter=1-train.fallOffBeam.count	6500.0
iter=1-train.fallOffBeam.mean	0.10738461538461538
iter=1-train.fallOffBeam.max	1.0
iter=1-train.totalDerivs.count	6500.0
iter=1-train.totalDerivs.mean	2347.2304615384614
iter=1-train.totalDerivs.max	78010.0
iter=1-train.numOfFeaturizedDerivs.count	6500.0
iter=1-train.numOfFeaturizedDerivs.mean	2347.2304615384614
iter=1-train.numOfFeaturizedDerivs.max	78010.0
iter=1-train.correctIndexAfterParse.count	1419.0
iter=1-train.correctIndexAfterParse.mean	0.4904862579281184
iter=1-train.correctIndexAfterParse.max	34.0
iter=1-train.correctMaxBeamPosition.count	1419.0
iter=1-train.correctMaxBeamPosition.mean	0.5348837209302325
iter=1-train.correctMaxBeamPosition.max	34.0
iter=1-train.correctMaxUnsortedBeamPosition.count	1419.0
iter=1-train.correctMaxUnsortedBeamPosition.mean	25.899929527836505
iter=1-train.correctMaxUnsortedBeamPosition.max	2204.0
2_train.correct.count	6500.0
2_train.correct.mean	0.1473846153846154
2_train.correct.max	1.0
2_train.oracle.count	6500.0
2_train.oracle.mean	0.2183076923076923
2_train.oracle.max	1.0
2_train.partCorrect.count	6500.0
2_train.partCorrect.mean	0.1473846153846154
2_train.partCorrect.max	1.0
2_train.partOracle.count	6500.0
2_train.partOracle.mean	0.2183076923076923
2_train.partOracle.max	1.0
2_train.parsed.count	6500.0
2_train.parsed.mean	0.9941538461538462
2_train.parsed.max	1.0
2_train.numCandidates.count	6500.0
2_train.numCandidates.mean	55.181384615384616
2_train.numCandidates.max	200.0
2_train.parsedNumCandidates.count	6462.0
2_train.parsedNumCandidates.mean	55.50588053234293
2_train.parsedNumCandidates.max	200.0
2_train.numCorrect.count	6500.0
2_train.numCorrect.mean	0.2183076923076923
2_train.numCorrect.max	1.0
2_train.numPartialCorrect.count	6500.0
2_train.numPartialCorrect.mean	0.0
2_train.numPartialCorrect.max	0.0
2_train.numIncorrect.count	6500.0
2_train.numIncorrect.mean	54.963076923076926
2_train.numIncorrect.max	200.0
2_train.numTokens.count	6500.0
2_train.numTokens.mean	12.511076923076923
2_train.numTokens.max	30.0
2_train.parseTime.count	6500.0
2_train.parseTime.mean	19.136615384615386
2_train.parseTime.max	649.0
2_train.maxCellSize.count	6500.0
2_train.maxCellSize.mean	92.22307692307692
2_train.maxCellSize.max	4372.0
2_train.fallOffBeam.count	6500.0
2_train.fallOffBeam.mean	0.10738461538461538
2_train.fallOffBeam.max	1.0
2_train.totalDerivs.count	6500.0
2_train.totalDerivs.mean	2347.230153846154
2_train.totalDerivs.max	78010.0
2_train.numOfFeaturizedDerivs.count	6500.0
2_train.numOfFeaturizedDerivs.mean	2347.230153846154
2_train.numOfFeaturizedDerivs.max	78010.0
2_train.correctIndexAfterParse.count	1419.0
2_train.correctIndexAfterParse.mean	0.46370683579985905
2_train.correctIndexAfterParse.max	33.0
2_train.correctMaxBeamPosition.count	1419.0
2_train.correctMaxBeamPosition.mean	0.5236081747709654
2_train.correctMaxBeamPosition.max	33.0
2_train.correctMaxUnsortedBeamPosition.count	1419.0
2_train.correctMaxUnsortedBeamPosition.mean	25.909795630725863
2_train.correctMaxUnsortedBeamPosition.max	2204.0
iter=2-train.correct.count	6500.0
iter=2-train.correct.mean	0.1473846153846154
iter=2-train.correct.max	1.0
iter=2-train.oracle.count	6500.0
iter=2-train.oracle.mean	0.2183076923076923
iter=2-train.oracle.max	1.0
iter=2-train.partCorrect.count	6500.0
iter=2-train.partCorrect.mean	0.1473846153846154
iter=2-train.partCorrect.max	1.0
iter=2-train.partOracle.count	6500.0
iter=2-train.partOracle.mean	0.2183076923076923
iter=2-train.partOracle.max	1.0
iter=2-train.parsed.count	6500.0
iter=2-train.parsed.mean	0.9941538461538462
iter=2-train.parsed.max	1.0
iter=2-train.numCandidates.count	6500.0
iter=2-train.numCandidates.mean	55.181384615384616
iter=2-train.numCandidates.max	200.0
iter=2-train.parsedNumCandidates.count	6462.0
iter=2-train.parsedNumCandidates.mean	55.50588053234293
iter=2-train.parsedNumCandidates.max	200.0
iter=2-train.numCorrect.count	6500.0
iter=2-train.numCorrect.mean	0.2183076923076923
iter=2-train.numCorrect.max	1.0
iter=2-train.numPartialCorrect.count	6500.0
iter=2-train.numPartialCorrect.mean	0.0
iter=2-train.numPartialCorrect.max	0.0
iter=2-train.numIncorrect.count	6500.0
iter=2-train.numIncorrect.mean	54.963076923076926
iter=2-train.numIncorrect.max	200.0
iter=2-train.numTokens.count	6500.0
iter=2-train.numTokens.mean	12.511076923076923
iter=2-train.numTokens.max	30.0
iter=2-train.parseTime.count	6500.0
iter=2-train.parseTime.mean	19.136615384615386
iter=2-train.parseTime.max	649.0
iter=2-train.maxCellSize.count	6500.0
iter=2-train.maxCellSize.mean	92.22307692307692
iter=2-train.maxCellSize.max	4372.0
iter=2-train.fallOffBeam.count	6500.0
iter=2-train.fallOffBeam.mean	0.10738461538461538
iter=2-train.fallOffBeam.max	1.0
iter=2-train.totalDerivs.count	6500.0
iter=2-train.totalDerivs.mean	2347.230153846154
iter=2-train.totalDerivs.max	78010.0
iter=2-train.numOfFeaturizedDerivs.count	6500.0
iter=2-train.numOfFeaturizedDerivs.mean	2347.230153846154
iter=2-train.numOfFeaturizedDerivs.max	78010.0
iter=2-train.correctIndexAfterParse.count	1419.0
iter=2-train.correctIndexAfterParse.mean	0.46370683579985905
iter=2-train.correctIndexAfterParse.max	33.0
iter=2-train.correctMaxBeamPosition.count	1419.0
iter=2-train.correctMaxBeamPosition.mean	0.5236081747709654
iter=2-train.correctMaxBeamPosition.max	33.0
iter=2-train.correctMaxUnsortedBeamPosition.count	1419.0
iter=2-train.correctMaxUnsortedBeamPosition.mean	25.909795630725863
iter=2-train.correctMaxUnsortedBeamPosition.max	2204.0
3_train.correct.count	6500.0
3_train.correct.mean	0.14746153846153845
3_train.correct.max	1.0
3_train.oracle.count	6500.0
3_train.oracle.mean	0.2183076923076923
3_train.oracle.max	1.0
3_train.partCorrect.count	6500.0
3_train.partCorrect.mean	0.14746153846153845
3_train.partCorrect.max	1.0
3_train.partOracle.count	6500.0
3_train.partOracle.mean	0.2183076923076923
3_train.partOracle.max	1.0
3_train.parsed.count	6500.0
3_train.parsed.mean	0.9941538461538462
3_train.parsed.max	1.0
3_train.numCandidates.count	6500.0
3_train.numCandidates.mean	55.181384615384616
3_train.numCandidates.max	200.0
3_train.parsedNumCandidates.count	6462.0
3_train.parsedNumCandidates.mean	55.50588053234293
3_train.parsedNumCandidates.max	200.0
3_train.numCorrect.count	6500.0
3_train.numCorrect.mean	0.2183076923076923
3_train.numCorrect.max	1.0
3_train.numPartialCorrect.count	6500.0
3_train.numPartialCorrect.mean	0.0
3_train.numPartialCorrect.max	0.0
3_train.numIncorrect.count	6500.0
3_train.numIncorrect.mean	54.963076923076926
3_train.numIncorrect.max	200.0
3_train.numTokens.count	6500.0
3_train.numTokens.mean	12.511076923076923
3_train.numTokens.max	30.0
3_train.parseTime.count	6500.0
3_train.parseTime.mean	19.352
3_train.parseTime.max	1574.0
3_train.maxCellSize.count	6500.0
3_train.maxCellSize.mean	92.22153846153846
3_train.maxCellSize.max	4371.0
3_train.fallOffBeam.count	6500.0
3_train.fallOffBeam.mean	0.10738461538461538
3_train.fallOffBeam.max	1.0
3_train.totalDerivs.count	6500.0
3_train.totalDerivs.mean	2347.229230769231
3_train.totalDerivs.max	78010.0
3_train.numOfFeaturizedDerivs.count	6500.0
3_train.numOfFeaturizedDerivs.mean	2347.229230769231
3_train.numOfFeaturizedDerivs.max	78010.0
3_train.correctIndexAfterParse.count	1419.0
3_train.correctIndexAfterParse.mean	0.4580690627202255
3_train.correctIndexAfterParse.max	33.0
3_train.correctMaxBeamPosition.count	1419.0
3_train.correctMaxBeamPosition.mean	0.5186751233262861
3_train.correctMaxBeamPosition.max	33.0
3_train.correctMaxUnsortedBeamPosition.count	1419.0
3_train.correctMaxUnsortedBeamPosition.mean	25.914728682170544
3_train.correctMaxUnsortedBeamPosition.max	2203.0
iter=3-train.correct.count	6500.0
iter=3-train.correct.mean	0.14746153846153845
iter=3-train.correct.max	1.0
iter=3-train.oracle.count	6500.0
iter=3-train.oracle.mean	0.2183076923076923
iter=3-train.oracle.max	1.0
iter=3-train.partCorrect.count	6500.0
iter=3-train.partCorrect.mean	0.14746153846153845
iter=3-train.partCorrect.max	1.0
iter=3-train.partOracle.count	6500.0
iter=3-train.partOracle.mean	0.2183076923076923
iter=3-train.partOracle.max	1.0
iter=3-train.parsed.count	6500.0
iter=3-train.parsed.mean	0.9941538461538462
iter=3-train.parsed.max	1.0
iter=3-train.numCandidates.count	6500.0
iter=3-train.numCandidates.mean	55.181384615384616
iter=3-train.numCandidates.max	200.0
iter=3-train.parsedNumCandidates.count	6462.0
iter=3-train.parsedNumCandidates.mean	55.50588053234293
iter=3-train.parsedNumCandidates.max	200.0
iter=3-train.numCorrect.count	6500.0
iter=3-train.numCorrect.mean	0.2183076923076923
iter=3-train.numCorrect.max	1.0
iter=3-train.numPartialCorrect.count	6500.0
iter=3-train.numPartialCorrect.mean	0.0
iter=3-train.numPartialCorrect.max	0.0
iter=3-train.numIncorrect.count	6500.0
iter=3-train.numIncorrect.mean	54.963076923076926
iter=3-train.numIncorrect.max	200.0
iter=3-train.numTokens.count	6500.0
iter=3-train.numTokens.mean	12.511076923076923
iter=3-train.numTokens.max	30.0
iter=3-train.parseTime.count	6500.0
iter=3-train.parseTime.mean	19.352
iter=3-train.parseTime.max	1574.0
iter=3-train.maxCellSize.count	6500.0
iter=3-train.maxCellSize.mean	92.22153846153846
iter=3-train.maxCellSize.max	4371.0
iter=3-train.fallOffBeam.count	6500.0
iter=3-train.fallOffBeam.mean	0.10738461538461538
iter=3-train.fallOffBeam.max	1.0
iter=3-train.totalDerivs.count	6500.0
iter=3-train.totalDerivs.mean	2347.229230769231
iter=3-train.totalDerivs.max	78010.0
iter=3-train.numOfFeaturizedDerivs.count	6500.0
iter=3-train.numOfFeaturizedDerivs.mean	2347.229230769231
iter=3-train.numOfFeaturizedDerivs.max	78010.0
iter=3-train.correctIndexAfterParse.count	1419.0
iter=3-train.correctIndexAfterParse.mean	0.4580690627202255
iter=3-train.correctIndexAfterParse.max	33.0
iter=3-train.correctMaxBeamPosition.count	1419.0
iter=3-train.correctMaxBeamPosition.mean	0.5186751233262861
iter=3-train.correctMaxBeamPosition.max	33.0
iter=3-train.correctMaxUnsortedBeamPosition.count	1419.0
iter=3-train.correctMaxUnsortedBeamPosition.mean	25.914728682170544
iter=3-train.correctMaxUnsortedBeamPosition.max	2203.0
4_train.correct.count	6500.0
4_train.correct.mean	0.14792307692307693
4_train.correct.max	1.0
4_train.oracle.count	6500.0
4_train.oracle.mean	0.2183076923076923
4_train.oracle.max	1.0
4_train.partCorrect.count	6500.0
4_train.partCorrect.mean	0.14792307692307693
4_train.partCorrect.max	1.0
4_train.partOracle.count	6500.0
4_train.partOracle.mean	0.2183076923076923
4_train.partOracle.max	1.0
4_train.parsed.count	6500.0
4_train.parsed.mean	0.9941538461538462
4_train.parsed.max	1.0
4_train.numCandidates.count	6500.0
4_train.numCandidates.mean	55.181384615384616
4_train.numCandidates.max	200.0
4_train.parsedNumCandidates.count	6462.0
4_train.parsedNumCandidates.mean	55.50588053234293
4_train.parsedNumCandidates.max	200.0
4_train.numCorrect.count	6500.0
4_train.numCorrect.mean	0.2183076923076923
4_train.numCorrect.max	1.0
4_train.numPartialCorrect.count	6500.0
4_train.numPartialCorrect.mean	0.0
4_train.numPartialCorrect.max	0.0
4_train.numIncorrect.count	6500.0
4_train.numIncorrect.mean	54.963076923076926
4_train.numIncorrect.max	200.0
4_train.numTokens.count	6500.0
4_train.numTokens.mean	12.511076923076923
4_train.numTokens.max	30.0
4_train.parseTime.count	6500.0
4_train.parseTime.mean	73.59046153846154
4_train.parseTime.max	4907.0
4_train.maxCellSize.count	6500.0
4_train.maxCellSize.mean	92.2203076923077
4_train.maxCellSize.max	4371.0
4_train.fallOffBeam.count	6500.0
4_train.fallOffBeam.mean	0.10738461538461538
4_train.fallOffBeam.max	1.0
4_train.totalDerivs.count	6500.0
4_train.totalDerivs.mean	2347.228923076923
4_train.totalDerivs.max	78010.0
4_train.numOfFeaturizedDerivs.count	6500.0
4_train.numOfFeaturizedDerivs.mean	2347.228923076923
4_train.numOfFeaturizedDerivs.max	78010.0
4_train.correctIndexAfterParse.count	1419.0
4_train.correctIndexAfterParse.mean	0.4496124031007752
4_train.correctIndexAfterParse.max	33.0
4_train.correctMaxBeamPosition.count	1419.0
4_train.correctMaxBeamPosition.mean	0.5137420718816068
4_train.correctMaxBeamPosition.max	33.0
4_train.correctMaxUnsortedBeamPosition.count	1419.0
4_train.correctMaxUnsortedBeamPosition.mean	25.91120507399577
4_train.correctMaxUnsortedBeamPosition.max	2202.0
iter=4-train.correct.count	6500.0
iter=4-train.correct.mean	0.14792307692307693
iter=4-train.correct.max	1.0
iter=4-train.oracle.count	6500.0
iter=4-train.oracle.mean	0.2183076923076923
iter=4-train.oracle.max	1.0
iter=4-train.partCorrect.count	6500.0
iter=4-train.partCorrect.mean	0.14792307692307693
iter=4-train.partCorrect.max	1.0
iter=4-train.partOracle.count	6500.0
iter=4-train.partOracle.mean	0.2183076923076923
iter=4-train.partOracle.max	1.0
iter=4-train.parsed.count	6500.0
iter=4-train.parsed.mean	0.9941538461538462
iter=4-train.parsed.max	1.0
iter=4-train.numCandidates.count	6500.0
iter=4-train.numCandidates.mean	55.181384615384616
iter=4-train.numCandidates.max	200.0
iter=4-train.parsedNumCandidates.count	6462.0
iter=4-train.parsedNumCandidates.mean	55.50588053234293
iter=4-train.parsedNumCandidates.max	200.0
iter=4-train.numCorrect.count	6500.0
iter=4-train.numCorrect.mean	0.2183076923076923
iter=4-train.numCorrect.max	1.0
iter=4-train.numPartialCorrect.count	6500.0
iter=4-train.numPartialCorrect.mean	0.0
iter=4-train.numPartialCorrect.max	0.0
iter=4-train.numIncorrect.count	6500.0
iter=4-train.numIncorrect.mean	54.963076923076926
iter=4-train.numIncorrect.max	200.0
iter=4-train.numTokens.count	6500.0
iter=4-train.numTokens.mean	12.511076923076923
iter=4-train.numTokens.max	30.0
iter=4-train.parseTime.count	6500.0
iter=4-train.parseTime.mean	73.59046153846154
iter=4-train.parseTime.max	4907.0
iter=4-train.maxCellSize.count	6500.0
iter=4-train.maxCellSize.mean	92.2203076923077
iter=4-train.maxCellSize.max	4371.0
iter=4-train.fallOffBeam.count	6500.0
iter=4-train.fallOffBeam.mean	0.10738461538461538
iter=4-train.fallOffBeam.max	1.0
iter=4-train.totalDerivs.count	6500.0
iter=4-train.totalDerivs.mean	2347.228923076923
iter=4-train.totalDerivs.max	78010.0
iter=4-train.numOfFeaturizedDerivs.count	6500.0
iter=4-train.numOfFeaturizedDerivs.mean	2347.228923076923
iter=4-train.numOfFeaturizedDerivs.max	78010.0
iter=4-train.correctIndexAfterParse.count	1419.0
iter=4-train.correctIndexAfterParse.mean	0.4496124031007752
iter=4-train.correctIndexAfterParse.max	33.0
iter=4-train.correctMaxBeamPosition.count	1419.0
iter=4-train.correctMaxBeamPosition.mean	0.5137420718816068
iter=4-train.correctMaxBeamPosition.max	33.0
iter=4-train.correctMaxUnsortedBeamPosition.count	1419.0
iter=4-train.correctMaxUnsortedBeamPosition.mean	25.91120507399577
iter=4-train.correctMaxUnsortedBeamPosition.max	2202.0
iter	5
group	train
example	6499
log.note	
exec.memory	1.1G
exec.time	49m25s
exec.errors	0
exec.warnings	0
train.correct.count	6500.0
train.correct.mean	0.14753846153846153
train.correct.max	1.0
train.oracle.count	6500.0
train.oracle.mean	0.2183076923076923
train.oracle.max	1.0
train.partCorrect.count	6500.0
train.partCorrect.mean	0.14753846153846153
train.partCorrect.max	1.0
train.partOracle.count	6500.0
train.partOracle.mean	0.2183076923076923
train.partOracle.max	1.0
train.parsed.count	6500.0
train.parsed.mean	0.9941538461538462
train.parsed.max	1.0
train.numCandidates.count	6500.0
train.numCandidates.mean	55.181384615384616
train.numCandidates.max	200.0
train.parsedNumCandidates.count	6462.0
train.parsedNumCandidates.mean	55.50588053234293
train.parsedNumCandidates.max	200.0
train.numCorrect.count	6500.0
train.numCorrect.mean	0.2183076923076923
train.numCorrect.max	1.0
train.numPartialCorrect.count	6500.0
train.numPartialCorrect.mean	0.0
train.numPartialCorrect.max	0.0
train.numIncorrect.count	6500.0
train.numIncorrect.mean	54.963076923076926
train.numIncorrect.max	200.0
train.numTokens.count	6500.0
train.numTokens.mean	12.511076923076923
train.numTokens.max	30.0
train.parseTime.count	6500.0
train.parseTime.mean	143.3876923076923
train.parseTime.max	7237.0
train.maxCellSize.count	6500.0
train.maxCellSize.mean	92.22015384615385
train.maxCellSize.max	4371.0
train.fallOffBeam.count	6500.0
train.fallOffBeam.mean	0.10738461538461538
train.fallOffBeam.max	1.0
train.totalDerivs.count	6500.0
train.totalDerivs.mean	2347.229846153846
train.totalDerivs.max	78010.0
train.numOfFeaturizedDerivs.count	6500.0
train.numOfFeaturizedDerivs.mean	2347.229846153846
train.numOfFeaturizedDerivs.max	78010.0
train.correctIndexAfterParse.count	1419.0
train.correctIndexAfterParse.mean	0.42283298097251587
train.correctIndexAfterParse.max	35.0
train.correctMaxBeamPosition.count	1419.0
train.correctMaxBeamPosition.mean	0.49119097956307256
train.correctMaxBeamPosition.max	35.0
train.correctMaxUnsortedBeamPosition.count	1419.0
train.correctMaxUnsortedBeamPosition.mean	25.916842847075404
train.correctMaxUnsortedBeamPosition.max	2204.0
5_train.correct.count	6500.0
5_train.correct.mean	0.14753846153846153
5_train.correct.max	1.0
5_train.oracle.count	6500.0
5_train.oracle.mean	0.2183076923076923
5_train.oracle.max	1.0
5_train.partCorrect.count	6500.0
5_train.partCorrect.mean	0.14753846153846153
5_train.partCorrect.max	1.0
5_train.partOracle.count	6500.0
5_train.partOracle.mean	0.2183076923076923
5_train.partOracle.max	1.0
5_train.parsed.count	6500.0
5_train.parsed.mean	0.9941538461538462
5_train.parsed.max	1.0
5_train.numCandidates.count	6500.0
5_train.numCandidates.mean	55.181384615384616
5_train.numCandidates.max	200.0
5_train.parsedNumCandidates.count	6462.0
5_train.parsedNumCandidates.mean	55.50588053234293
5_train.parsedNumCandidates.max	200.0
5_train.numCorrect.count	6500.0
5_train.numCorrect.mean	0.2183076923076923
5_train.numCorrect.max	1.0
5_train.numPartialCorrect.count	6500.0
5_train.numPartialCorrect.mean	0.0
5_train.numPartialCorrect.max	0.0
5_train.numIncorrect.count	6500.0
5_train.numIncorrect.mean	54.963076923076926
5_train.numIncorrect.max	200.0
5_train.numTokens.count	6500.0
5_train.numTokens.mean	12.511076923076923
5_train.numTokens.max	30.0
5_train.parseTime.count	6500.0
5_train.parseTime.mean	143.3876923076923
5_train.parseTime.max	7237.0
5_train.maxCellSize.count	6500.0
5_train.maxCellSize.mean	92.22015384615385
5_train.maxCellSize.max	4371.0
5_train.fallOffBeam.count	6500.0
5_train.fallOffBeam.mean	0.10738461538461538
5_train.fallOffBeam.max	1.0
5_train.totalDerivs.count	6500.0
5_train.totalDerivs.mean	2347.229846153846
5_train.totalDerivs.max	78010.0
5_train.numOfFeaturizedDerivs.count	6500.0
5_train.numOfFeaturizedDerivs.mean	2347.229846153846
5_train.numOfFeaturizedDerivs.max	78010.0
5_train.correctIndexAfterParse.count	1419.0
5_train.correctIndexAfterParse.mean	0.42283298097251587
5_train.correctIndexAfterParse.max	35.0
5_train.correctMaxBeamPosition.count	1419.0
5_train.correctMaxBeamPosition.mean	0.49119097956307256
5_train.correctMaxBeamPosition.max	35.0
5_train.correctMaxUnsortedBeamPosition.count	1419.0
5_train.correctMaxUnsortedBeamPosition.mean	25.916842847075404
5_train.correctMaxUnsortedBeamPosition.max	2204.0
iter=5-train.correct.count	6500.0
iter=5-train.correct.mean	0.14753846153846153
iter=5-train.correct.max	1.0
iter=5-train.oracle.count	6500.0
iter=5-train.oracle.mean	0.2183076923076923
iter=5-train.oracle.max	1.0
iter=5-train.partCorrect.count	6500.0
iter=5-train.partCorrect.mean	0.14753846153846153
iter=5-train.partCorrect.max	1.0
iter=5-train.partOracle.count	6500.0
iter=5-train.partOracle.mean	0.2183076923076923
iter=5-train.partOracle.max	1.0
iter=5-train.parsed.count	6500.0
iter=5-train.parsed.mean	0.9941538461538462
iter=5-train.parsed.max	1.0
iter=5-train.numCandidates.count	6500.0
iter=5-train.numCandidates.mean	55.181384615384616
iter=5-train.numCandidates.max	200.0
iter=5-train.parsedNumCandidates.count	6462.0
iter=5-train.parsedNumCandidates.mean	55.50588053234293
iter=5-train.parsedNumCandidates.max	200.0
iter=5-train.numCorrect.count	6500.0
iter=5-train.numCorrect.mean	0.2183076923076923
iter=5-train.numCorrect.max	1.0
iter=5-train.numPartialCorrect.count	6500.0
iter=5-train.numPartialCorrect.mean	0.0
iter=5-train.numPartialCorrect.max	0.0
iter=5-train.numIncorrect.count	6500.0
iter=5-train.numIncorrect.mean	54.963076923076926
iter=5-train.numIncorrect.max	200.0
iter=5-train.numTokens.count	6500.0
iter=5-train.numTokens.mean	12.511076923076923
iter=5-train.numTokens.max	30.0
iter=5-train.parseTime.count	6500.0
iter=5-train.parseTime.mean	143.3876923076923
iter=5-train.parseTime.max	7237.0
iter=5-train.maxCellSize.count	6500.0
iter=5-train.maxCellSize.mean	92.22015384615385
iter=5-train.maxCellSize.max	4371.0
iter=5-train.fallOffBeam.count	6500.0
iter=5-train.fallOffBeam.mean	0.10738461538461538
iter=5-train.fallOffBeam.max	1.0
iter=5-train.totalDerivs.count	6500.0
iter=5-train.totalDerivs.mean	2347.229846153846
iter=5-train.totalDerivs.max	78010.0
iter=5-train.numOfFeaturizedDerivs.count	6500.0
iter=5-train.numOfFeaturizedDerivs.mean	2347.229846153846
iter=5-train.numOfFeaturizedDerivs.max	78010.0
iter=5-train.correctIndexAfterParse.count	1419.0
iter=5-train.correctIndexAfterParse.mean	0.42283298097251587
iter=5-train.correctIndexAfterParse.max	35.0
iter=5-train.correctMaxBeamPosition.count	1419.0
iter=5-train.correctMaxBeamPosition.mean	0.49119097956307256
iter=5-train.correctMaxBeamPosition.max	35.0
iter=5-train.correctMaxUnsortedBeamPosition.count	1419.0
iter=5-train.correctMaxUnsortedBeamPosition.mean	25.916842847075404
iter=5-train.correctMaxUnsortedBeamPosition.max	2204.0
exec.disk	1.3G
exec.status	done
